
Allocating common symbols
Common symbol       size              file

OUT_Z_GYRO          0x2               ..\obj\sensor.o
rx_data_MAG         0x1e              ..\obj\sensor.o
hi2c2               0x3c              ..\obj\sensor.o
OUT_Y_MAG           0x2               ..\obj\sensor.o
OUT_X_GYRO          0x2               ..\obj\sensor.o
pFlash              0x20              ..\obj\stm32f1xx_hal_flash.o
OUT_Y_GYRO          0x2               ..\obj\sensor.o
tx_data_ACC         0xa               ..\obj\sensor.o
rx_data_GYRO        0x1e              ..\obj\sensor.o
OUT_Z_MAG           0x2               ..\obj\sensor.o
rx_data_ACC         0x1e              ..\obj\sensor.o
OUT_X_ACCEL         0x2               ..\obj\sensor.o
tx_data_MAG         0xa               ..\obj\sensor.o
OUT_Y_ACCEL         0x2               ..\obj\sensor.o
tx_data_GYRO        0xa               ..\obj\sensor.o
OUT_X_MAG           0x2               ..\obj\sensor.o
OUT_Z_ACCEL         0x2               ..\obj\sensor.o

Discarded input sections

 .text          0x00000000        0x0 ..\obj\stm32f1xx_hal_rcc_ex.o
 .data          0x00000000        0x0 ..\obj\stm32f1xx_hal_rcc_ex.o
 .bss           0x00000000        0x0 ..\obj\stm32f1xx_hal_rcc_ex.o
 .text.HAL_RCCEx_PeriphCLKConfig
                0x00000000      0x384 ..\obj\stm32f1xx_hal_rcc_ex.o
 .text.HAL_RCCEx_GetPeriphCLKConfig
                0x00000000       0x90 ..\obj\stm32f1xx_hal_rcc_ex.o
 .rodata        0x00000000       0x1c ..\obj\stm32f1xx_hal_rcc_ex.o
 .text.HAL_RCCEx_GetPeriphCLKFreq
                0x00000000      0x40c ..\obj\stm32f1xx_hal_rcc_ex.o
 .text.HAL_RCCEx_EnablePLLI2S
                0x00000000      0x20c ..\obj\stm32f1xx_hal_rcc_ex.o
 .text.HAL_RCCEx_DisablePLLI2S
                0x00000000       0xfc ..\obj\stm32f1xx_hal_rcc_ex.o
 .text.HAL_RCCEx_EnablePLL2
                0x00000000      0x214 ..\obj\stm32f1xx_hal_rcc_ex.o
 .text.HAL_RCCEx_DisablePLL2
                0x00000000      0x108 ..\obj\stm32f1xx_hal_rcc_ex.o
 .debug_info    0x00000000      0xd70 ..\obj\stm32f1xx_hal_rcc_ex.o
 .debug_abbrev  0x00000000      0x207 ..\obj\stm32f1xx_hal_rcc_ex.o
 .debug_aranges
                0x00000000       0x50 ..\obj\stm32f1xx_hal_rcc_ex.o
 .debug_ranges  0x00000000       0x40 ..\obj\stm32f1xx_hal_rcc_ex.o
 .debug_line    0x00000000      0x87d ..\obj\stm32f1xx_hal_rcc_ex.o
 .debug_str     0x00000000      0x525 ..\obj\stm32f1xx_hal_rcc_ex.o
 .comment       0x00000000       0x6f ..\obj\stm32f1xx_hal_rcc_ex.o
 .debug_frame   0x00000000      0x11c ..\obj\stm32f1xx_hal_rcc_ex.o
 .ARM.attributes
                0x00000000       0x33 ..\obj\stm32f1xx_hal_rcc_ex.o
 .text          0x00000000        0x0 ..\obj\semihosting.o
 .data          0x00000000        0x0 ..\obj\semihosting.o
 .text.SH_SendString
                0x00000000       0x20 ..\obj\semihosting.o
 .text.SH_GetChar
                0x00000000       0x40 ..\obj\semihosting.o
 .text          0x00000000        0x0 ..\obj\stm32f1xx_hal_pwr.o
 .data          0x00000000        0x0 ..\obj\stm32f1xx_hal_pwr.o
 .bss           0x00000000        0x0 ..\obj\stm32f1xx_hal_pwr.o
 .text.PWR_OverloadWfe
                0x00000000       0x10 ..\obj\stm32f1xx_hal_pwr.o
 .text.HAL_PWR_DeInit
                0x00000000       0x28 ..\obj\stm32f1xx_hal_pwr.o
 .text.HAL_PWR_EnableBkUpAccess
                0x00000000       0x34 ..\obj\stm32f1xx_hal_pwr.o
 .text.HAL_PWR_DisableBkUpAccess
                0x00000000       0x34 ..\obj\stm32f1xx_hal_pwr.o
 .text.HAL_PWR_ConfigPVD
                0x00000000       0xbc ..\obj\stm32f1xx_hal_pwr.o
 .text.HAL_PWR_EnablePVD
                0x00000000       0x34 ..\obj\stm32f1xx_hal_pwr.o
 .text.HAL_PWR_DisablePVD
                0x00000000       0x34 ..\obj\stm32f1xx_hal_pwr.o
 .text.HAL_PWR_EnableWakeUpPin
                0x00000000       0x38 ..\obj\stm32f1xx_hal_pwr.o
 .text.HAL_PWR_DisableWakeUpPin
                0x00000000       0x38 ..\obj\stm32f1xx_hal_pwr.o
 .text.HAL_PWR_EnterSLEEPMode
                0x00000000       0x38 ..\obj\stm32f1xx_hal_pwr.o
 .text.HAL_PWR_EnterSTOPMode
                0x00000000       0x64 ..\obj\stm32f1xx_hal_pwr.o
 .text.HAL_PWR_EnterSTANDBYMode
                0x00000000       0x30 ..\obj\stm32f1xx_hal_pwr.o
 .text.HAL_PWR_EnableSleepOnExit
                0x00000000       0x1c ..\obj\stm32f1xx_hal_pwr.o
 .text.HAL_PWR_DisableSleepOnExit
                0x00000000       0x1c ..\obj\stm32f1xx_hal_pwr.o
 .text.HAL_PWR_EnableSEVOnPend
                0x00000000       0x1c ..\obj\stm32f1xx_hal_pwr.o
 .text.HAL_PWR_DisableSEVOnPend
                0x00000000       0x1c ..\obj\stm32f1xx_hal_pwr.o
 .text.HAL_PWR_PVD_IRQHandler
                0x00000000       0x24 ..\obj\stm32f1xx_hal_pwr.o
 .text.HAL_PWR_PVDCallback
                0x00000000        0xc ..\obj\stm32f1xx_hal_pwr.o
 .debug_info    0x00000000      0x7b4 ..\obj\stm32f1xx_hal_pwr.o
 .debug_abbrev  0x00000000      0x225 ..\obj\stm32f1xx_hal_pwr.o
 .debug_aranges
                0x00000000       0xa8 ..\obj\stm32f1xx_hal_pwr.o
 .debug_ranges  0x00000000       0x98 ..\obj\stm32f1xx_hal_pwr.o
 .debug_line    0x00000000      0x4b8 ..\obj\stm32f1xx_hal_pwr.o
 .debug_str     0x00000000      0x512 ..\obj\stm32f1xx_hal_pwr.o
 .comment       0x00000000       0x6f ..\obj\stm32f1xx_hal_pwr.o
 .debug_frame   0x00000000      0x290 ..\obj\stm32f1xx_hal_pwr.o
 .ARM.attributes
                0x00000000       0x33 ..\obj\stm32f1xx_hal_pwr.o
 .text          0x00000000        0x0 ..\obj\stm32f1xx_hal.o
 .data          0x00000000        0x0 ..\obj\stm32f1xx_hal.o
 .text.HAL_DeInit
                0x00000000       0x3c ..\obj\stm32f1xx_hal.o
 .text.HAL_MspInit
                0x00000000        0xc ..\obj\stm32f1xx_hal.o
 .text.HAL_MspDeInit
                0x00000000        0xc ..\obj\stm32f1xx_hal.o
 .text.HAL_SuspendTick
                0x00000000       0x1c ..\obj\stm32f1xx_hal.o
 .text.HAL_ResumeTick
                0x00000000       0x1c ..\obj\stm32f1xx_hal.o
 .text.HAL_GetHalVersion
                0x00000000       0x14 ..\obj\stm32f1xx_hal.o
 .text.HAL_GetREVID
                0x00000000       0x34 ..\obj\stm32f1xx_hal.o
 .text.HAL_GetDEVID
                0x00000000       0x18 ..\obj\stm32f1xx_hal.o
 .text.HAL_DBGMCU_EnableDBGSleepMode
                0x00000000       0x1c ..\obj\stm32f1xx_hal.o
 .text.HAL_DBGMCU_DisableDBGSleepMode
                0x00000000       0x1c ..\obj\stm32f1xx_hal.o
 .text.HAL_DBGMCU_EnableDBGStopMode
                0x00000000       0x1c ..\obj\stm32f1xx_hal.o
 .text.HAL_DBGMCU_DisableDBGStopMode
                0x00000000       0x1c ..\obj\stm32f1xx_hal.o
 .text.HAL_DBGMCU_EnableDBGStandbyMode
                0x00000000       0x1c ..\obj\stm32f1xx_hal.o
 .text.HAL_DBGMCU_DisableDBGStandbyMode
                0x00000000       0x1c ..\obj\stm32f1xx_hal.o
 .text          0x00000000        0x0 ..\obj\stm32f1xx_it.o
 .data          0x00000000        0x0 ..\obj\stm32f1xx_it.o
 .bss           0x00000000        0x0 ..\obj\stm32f1xx_it.o
 .text          0x00000000        0x0 ..\obj\stm32f1xx_hal_gpio_ex.o
 .data          0x00000000        0x0 ..\obj\stm32f1xx_hal_gpio_ex.o
 .bss           0x00000000        0x0 ..\obj\stm32f1xx_hal_gpio_ex.o
 .text.HAL_GPIOEx_ConfigEventout
                0x00000000       0x2c ..\obj\stm32f1xx_hal_gpio_ex.o
 .text.HAL_GPIOEx_EnableEventout
                0x00000000       0x1c ..\obj\stm32f1xx_hal_gpio_ex.o
 .text.HAL_GPIOEx_DisableEventout
                0x00000000       0x1c ..\obj\stm32f1xx_hal_gpio_ex.o
 .debug_info    0x00000000      0x183 ..\obj\stm32f1xx_hal_gpio_ex.o
 .debug_abbrev  0x00000000       0xcb ..\obj\stm32f1xx_hal_gpio_ex.o
 .debug_aranges
                0x00000000       0x30 ..\obj\stm32f1xx_hal_gpio_ex.o
 .debug_ranges  0x00000000       0x20 ..\obj\stm32f1xx_hal_gpio_ex.o
 .debug_line    0x00000000      0x27c ..\obj\stm32f1xx_hal_gpio_ex.o
 .debug_str     0x00000000      0x2ae ..\obj\stm32f1xx_hal_gpio_ex.o
 .comment       0x00000000       0x6f ..\obj\stm32f1xx_hal_gpio_ex.o
 .debug_frame   0x00000000       0x78 ..\obj\stm32f1xx_hal_gpio_ex.o
 .ARM.attributes
                0x00000000       0x33 ..\obj\stm32f1xx_hal_gpio_ex.o
 .text          0x00000000        0x0 ..\obj\stm32f1xx_hal_cortex.o
 .data          0x00000000        0x0 ..\obj\stm32f1xx_hal_cortex.o
 .bss           0x00000000        0x0 ..\obj\stm32f1xx_hal_cortex.o
 .text.NVIC_EnableIRQ
                0x00000000       0x30 ..\obj\stm32f1xx_hal_cortex.o
 .text.NVIC_DisableIRQ
                0x00000000       0x34 ..\obj\stm32f1xx_hal_cortex.o
 .text.NVIC_GetPendingIRQ
                0x00000000       0x34 ..\obj\stm32f1xx_hal_cortex.o
 .text.NVIC_SetPendingIRQ
                0x00000000       0x34 ..\obj\stm32f1xx_hal_cortex.o
 .text.NVIC_ClearPendingIRQ
                0x00000000       0x34 ..\obj\stm32f1xx_hal_cortex.o
 .text.NVIC_GetActive
                0x00000000       0x34 ..\obj\stm32f1xx_hal_cortex.o
 .text.NVIC_GetPriority
                0x00000000       0x4c ..\obj\stm32f1xx_hal_cortex.o
 .text.NVIC_DecodePriority
                0x00000000       0x68 ..\obj\stm32f1xx_hal_cortex.o
 .text.NVIC_SystemReset
                0x00000000       0x28 ..\obj\stm32f1xx_hal_cortex.o
 .text.HAL_NVIC_EnableIRQ
                0x00000000       0x1c ..\obj\stm32f1xx_hal_cortex.o
 .text.HAL_NVIC_DisableIRQ
                0x00000000       0x1c ..\obj\stm32f1xx_hal_cortex.o
 .text.HAL_NVIC_SystemReset
                0x00000000        0xc ..\obj\stm32f1xx_hal_cortex.o
 .text.HAL_NVIC_GetPriorityGrouping
                0x00000000       0x10 ..\obj\stm32f1xx_hal_cortex.o
 .text.HAL_NVIC_GetPriority
                0x00000000       0x2c ..\obj\stm32f1xx_hal_cortex.o
 .text.HAL_NVIC_SetPendingIRQ
                0x00000000       0x1c ..\obj\stm32f1xx_hal_cortex.o
 .text.HAL_NVIC_GetPendingIRQ
                0x00000000       0x20 ..\obj\stm32f1xx_hal_cortex.o
 .text.HAL_NVIC_ClearPendingIRQ
                0x00000000       0x1c ..\obj\stm32f1xx_hal_cortex.o
 .text.HAL_NVIC_GetActive
                0x00000000       0x20 ..\obj\stm32f1xx_hal_cortex.o
 .text          0x00000000        0x0 ..\obj\system_stm32f1xx.o
 .bss           0x00000000        0x0 ..\obj\system_stm32f1xx.o
 .text.SystemCoreClockUpdate
                0x00000000      0x13c ..\obj\system_stm32f1xx.o
 .text          0x00000000        0x0 ..\obj\stm32f1xx_hal_rcc.o
 .data          0x00000000        0x0 ..\obj\stm32f1xx_hal_rcc.o
 .bss           0x00000000        0x0 ..\obj\stm32f1xx_hal_rcc.o
 .text.HAL_RCC_DeInit
                0x00000000       0x84 ..\obj\stm32f1xx_hal_rcc.o
 .text.HAL_RCC_MCOConfig
                0x00000000       0x70 ..\obj\stm32f1xx_hal_rcc.o
 .text.HAL_RCC_EnableCSS
                0x00000000       0x34 ..\obj\stm32f1xx_hal_rcc.o
 .text.HAL_RCC_DisableCSS
                0x00000000       0x34 ..\obj\stm32f1xx_hal_rcc.o
 .text.HAL_RCC_GetPCLK2Freq
                0x00000000       0x44 ..\obj\stm32f1xx_hal_rcc.o
 .text.HAL_RCC_GetOscConfig
                0x00000000      0x14c ..\obj\stm32f1xx_hal_rcc.o
 .text.HAL_RCC_GetClockConfig
                0x00000000       0x60 ..\obj\stm32f1xx_hal_rcc.o
 .text.HAL_RCC_NMI_IRQHandler
                0x00000000       0x28 ..\obj\stm32f1xx_hal_rcc.o
 .text.HAL_RCC_CSSCallback
                0x00000000        0xc ..\obj\stm32f1xx_hal_rcc.o
 .text          0x00000000        0x0 ..\obj\main.o
 .data          0x00000000        0x0 ..\obj\main.o
 .bss           0x00000000        0x0 ..\obj\main.o
 .text          0x00000000        0x0 ..\obj\sensor.o
 .data          0x00000000        0x0 ..\obj\sensor.o
 .bss           0x00000000        0x0 ..\obj\sensor.o
 .text          0x00000000        0x0 ..\obj\printf.o
 .bss           0x00000000        0x0 ..\obj\printf.o
 .text.snprintf
                0x00000000       0x30 ..\obj\printf.o
 .text.fprintf  0x00000000       0x2c ..\obj\printf.o
 .text.sprintf  0x00000000       0x2c ..\obj\printf.o
 .text.puts     0x00000000       0x24 ..\obj\printf.o
 .text          0x00000000        0x0 ..\obj\startup_stm32f10x_cl.o
 .data          0x00000000        0x0 ..\obj\startup_stm32f10x_cl.o
 .bss           0x00000000        0x0 ..\obj\startup_stm32f10x_cl.o
 .text          0x00000000        0x0 ..\obj\stm32f1xx_hal_flash.o
 .data          0x00000000        0x0 ..\obj\stm32f1xx_hal_flash.o
 .bss           0x00000000        0x0 ..\obj\stm32f1xx_hal_flash.o
 .text.HAL_FLASH_Program
                0x00000000       0xe4 ..\obj\stm32f1xx_hal_flash.o
 .text.HAL_FLASH_Program_IT
                0x00000000       0x90 ..\obj\stm32f1xx_hal_flash.o
 .text.HAL_FLASH_IRQHandler
                0x00000000      0x1c4 ..\obj\stm32f1xx_hal_flash.o
 .text.HAL_FLASH_EndOfOperationCallback
                0x00000000       0x14 ..\obj\stm32f1xx_hal_flash.o
 .text.HAL_FLASH_OperationErrorCallback
                0x00000000       0x14 ..\obj\stm32f1xx_hal_flash.o
 .text.HAL_FLASH_Unlock
                0x00000000       0x38 ..\obj\stm32f1xx_hal_flash.o
 .text.HAL_FLASH_Lock
                0x00000000       0x20 ..\obj\stm32f1xx_hal_flash.o
 .text.HAL_FLASH_OB_Unlock
                0x00000000       0x38 ..\obj\stm32f1xx_hal_flash.o
 .text.HAL_FLASH_OB_Lock
                0x00000000       0x20 ..\obj\stm32f1xx_hal_flash.o
 .text.HAL_FLASH_OB_Launch
                0x00000000       0x10 ..\obj\stm32f1xx_hal_flash.o
 .text.HAL_FLASH_GetError
                0x00000000       0x14 ..\obj\stm32f1xx_hal_flash.o
 .text.FLASH_Program_HalfWord
                0x00000000       0x38 ..\obj\stm32f1xx_hal_flash.o
 .text.FLASH_WaitForLastOperation
                0x00000000       0x8c ..\obj\stm32f1xx_hal_flash.o
 .text.FLASH_SetErrorCode
                0x00000000       0x70 ..\obj\stm32f1xx_hal_flash.o
 .debug_info    0x00000000      0x4e8 ..\obj\stm32f1xx_hal_flash.o
 .debug_abbrev  0x00000000      0x1df ..\obj\stm32f1xx_hal_flash.o
 .debug_aranges
                0x00000000       0x88 ..\obj\stm32f1xx_hal_flash.o
 .debug_ranges  0x00000000       0x78 ..\obj\stm32f1xx_hal_flash.o
 .debug_line    0x00000000      0x4d5 ..\obj\stm32f1xx_hal_flash.o
 .debug_str     0x00000000      0x54f ..\obj\stm32f1xx_hal_flash.o
 .comment       0x00000000       0x6f ..\obj\stm32f1xx_hal_flash.o
 .debug_frame   0x00000000      0x204 ..\obj\stm32f1xx_hal_flash.o
 .ARM.attributes
                0x00000000       0x33 ..\obj\stm32f1xx_hal_flash.o
 COMMON         0x00000000       0x20 ..\obj\stm32f1xx_hal_flash.o
 .text          0x00000000        0x0 ..\obj\stm32f1xx_hal_gpio.o
 .data          0x00000000        0x0 ..\obj\stm32f1xx_hal_gpio.o
 .bss           0x00000000        0x0 ..\obj\stm32f1xx_hal_gpio.o
 .text.HAL_GPIO_DeInit
                0x00000000      0x184 ..\obj\stm32f1xx_hal_gpio.o
 .text.HAL_GPIO_ReadPin
                0x00000000       0x30 ..\obj\stm32f1xx_hal_gpio.o
 .text.HAL_GPIO_WritePin
                0x00000000       0x30 ..\obj\stm32f1xx_hal_gpio.o
 .text.HAL_GPIO_TogglePin
                0x00000000       0x24 ..\obj\stm32f1xx_hal_gpio.o
 .text.HAL_GPIO_LockPin
                0x00000000       0x50 ..\obj\stm32f1xx_hal_gpio.o
 .text.HAL_GPIO_EXTI_IRQHandler
                0x00000000       0x30 ..\obj\stm32f1xx_hal_gpio.o
 .text.HAL_GPIO_EXTI_Callback
                0x00000000       0x14 ..\obj\stm32f1xx_hal_gpio.o
 .text          0x00000000        0x0 ..\obj\stm32f1xx_hal_dma.o
 .data          0x00000000        0x0 ..\obj\stm32f1xx_hal_dma.o
 .bss           0x00000000        0x0 ..\obj\stm32f1xx_hal_dma.o
 .text.HAL_DMA_Init
                0x00000000       0x94 ..\obj\stm32f1xx_hal_dma.o
 .text.HAL_DMA_DeInit
                0x00000000      0x5ac ..\obj\stm32f1xx_hal_dma.o
 .text.HAL_DMA_Start
                0x00000000       0x64 ..\obj\stm32f1xx_hal_dma.o
 .text.HAL_DMA_Start_IT
                0x00000000       0x94 ..\obj\stm32f1xx_hal_dma.o
 .text.HAL_DMA_Abort
                0x00000000       0x7c ..\obj\stm32f1xx_hal_dma.o
 .text.HAL_DMA_PollForTransfer
                0x00000000      0x9c0 ..\obj\stm32f1xx_hal_dma.o
 .text.HAL_DMA_IRQHandler
                0x00000000      0xbc4 ..\obj\stm32f1xx_hal_dma.o
 .text.HAL_DMA_GetState
                0x00000000       0x18 ..\obj\stm32f1xx_hal_dma.o
 .text.HAL_DMA_GetError
                0x00000000       0x18 ..\obj\stm32f1xx_hal_dma.o
 .text.DMA_SetConfig
                0x00000000       0x4c ..\obj\stm32f1xx_hal_dma.o
 .debug_info    0x00000000      0x588 ..\obj\stm32f1xx_hal_dma.o
 .debug_abbrev  0x00000000      0x1b5 ..\obj\stm32f1xx_hal_dma.o
 .debug_aranges
                0x00000000       0x68 ..\obj\stm32f1xx_hal_dma.o
 .debug_ranges  0x00000000       0x58 ..\obj\stm32f1xx_hal_dma.o
 .debug_line    0x00000000     0x11cc ..\obj\stm32f1xx_hal_dma.o
 .debug_str     0x00000000      0x53d ..\obj\stm32f1xx_hal_dma.o
 .comment       0x00000000       0x6f ..\obj\stm32f1xx_hal_dma.o
 .debug_frame   0x00000000      0x194 ..\obj\stm32f1xx_hal_dma.o
 .ARM.attributes
                0x00000000       0x33 ..\obj\stm32f1xx_hal_dma.o
 .data          0x00000000        0x0 ..\obj\sh_cmd.o
 .bss           0x00000000        0x0 ..\obj\sh_cmd.o
 .text          0x00000000        0x0 ..\obj\stm32f1xx_hal_i2c.o
 .data          0x00000000        0x0 ..\obj\stm32f1xx_hal_i2c.o
 .bss           0x00000000        0x0 ..\obj\stm32f1xx_hal_i2c.o
 .text.HAL_I2C_DeInit
                0x00000000       0x58 ..\obj\stm32f1xx_hal_i2c.o
 .text.HAL_I2C_MspInit
                0x00000000       0x14 ..\obj\stm32f1xx_hal_i2c.o
 .text.HAL_I2C_MspDeInit
                0x00000000       0x14 ..\obj\stm32f1xx_hal_i2c.o
 .text.HAL_I2C_Slave_Transmit
                0x00000000      0x1c4 ..\obj\stm32f1xx_hal_i2c.o
 .text.HAL_I2C_Slave_Receive
                0x00000000      0x1b8 ..\obj\stm32f1xx_hal_i2c.o
 .text.HAL_I2C_Master_Transmit_IT
                0x00000000      0x104 ..\obj\stm32f1xx_hal_i2c.o
 .text.HAL_I2C_Master_Receive_IT
                0x00000000      0x194 ..\obj\stm32f1xx_hal_i2c.o
 .text.HAL_I2C_Slave_Transmit_IT
                0x00000000       0xcc ..\obj\stm32f1xx_hal_i2c.o
 .text.HAL_I2C_Slave_Receive_IT
                0x00000000       0xcc ..\obj\stm32f1xx_hal_i2c.o
 .text.HAL_I2C_Master_Transmit_DMA
                0x00000000      0x130 ..\obj\stm32f1xx_hal_i2c.o
 .text.HAL_I2C_Master_Receive_DMA
                0x00000000      0x15c ..\obj\stm32f1xx_hal_i2c.o
 .text.HAL_I2C_Slave_Transmit_DMA
                0x00000000      0x170 ..\obj\stm32f1xx_hal_i2c.o
 .text.HAL_I2C_Slave_Receive_DMA
                0x00000000      0x124 ..\obj\stm32f1xx_hal_i2c.o
 .text.HAL_I2C_Mem_Write
                0x00000000      0x19c ..\obj\stm32f1xx_hal_i2c.o
 .text.HAL_I2C_Mem_Read
                0x00000000      0x32c ..\obj\stm32f1xx_hal_i2c.o
 .text.HAL_I2C_Mem_Write_IT
                0x00000000      0x100 ..\obj\stm32f1xx_hal_i2c.o
 .text.HAL_I2C_Mem_Read_IT
                0x00000000      0x1a0 ..\obj\stm32f1xx_hal_i2c.o
 .text.HAL_I2C_Mem_Write_DMA
                0x00000000      0x12c ..\obj\stm32f1xx_hal_i2c.o
 .text.HAL_I2C_Mem_Read_DMA
                0x00000000      0x168 ..\obj\stm32f1xx_hal_i2c.o
 .text.HAL_I2C_IsDeviceReady
                0x00000000      0x224 ..\obj\stm32f1xx_hal_i2c.o
 .text.HAL_I2C_EV_IRQHandler
                0x00000000      0x2f4 ..\obj\stm32f1xx_hal_i2c.o
 .text.HAL_I2C_ER_IRQHandler
                0x00000000      0x1e8 ..\obj\stm32f1xx_hal_i2c.o
 .text.HAL_I2C_MasterTxCpltCallback
                0x00000000       0x14 ..\obj\stm32f1xx_hal_i2c.o
 .text.HAL_I2C_MasterRxCpltCallback
                0x00000000       0x14 ..\obj\stm32f1xx_hal_i2c.o
 .text.HAL_I2C_SlaveTxCpltCallback
                0x00000000       0x14 ..\obj\stm32f1xx_hal_i2c.o
 .text.HAL_I2C_SlaveRxCpltCallback
                0x00000000       0x14 ..\obj\stm32f1xx_hal_i2c.o
 .text.HAL_I2C_MemTxCpltCallback
                0x00000000       0x14 ..\obj\stm32f1xx_hal_i2c.o
 .text.HAL_I2C_MemRxCpltCallback
                0x00000000       0x14 ..\obj\stm32f1xx_hal_i2c.o
 .text.HAL_I2C_ErrorCallback
                0x00000000       0x14 ..\obj\stm32f1xx_hal_i2c.o
 .text.HAL_I2C_GetState
                0x00000000       0x1c ..\obj\stm32f1xx_hal_i2c.o
 .text.HAL_I2C_GetError
                0x00000000       0x18 ..\obj\stm32f1xx_hal_i2c.o
 .text.I2C_MasterTransmit_TXE
                0x00000000       0x50 ..\obj\stm32f1xx_hal_i2c.o
 .text.I2C_MasterTransmit_BTF
                0x00000000       0x88 ..\obj\stm32f1xx_hal_i2c.o
 .text.I2C_MasterReceive_RXNE
                0x00000000       0xc4 ..\obj\stm32f1xx_hal_i2c.o
 .text.I2C_MasterReceive_BTF
                0x00000000      0x10c ..\obj\stm32f1xx_hal_i2c.o
 .text.I2C_SlaveTransmit_TXE
                0x00000000       0x40 ..\obj\stm32f1xx_hal_i2c.o
 .text.I2C_SlaveTransmit_BTF
                0x00000000       0x40 ..\obj\stm32f1xx_hal_i2c.o
 .text.I2C_SlaveReceive_RXNE
                0x00000000       0x40 ..\obj\stm32f1xx_hal_i2c.o
 .text.I2C_SlaveReceive_BTF
                0x00000000       0x40 ..\obj\stm32f1xx_hal_i2c.o
 .text.I2C_Slave_ADDR
                0x00000000       0x28 ..\obj\stm32f1xx_hal_i2c.o
 .text.I2C_Slave_STOPF
                0x00000000       0x5c ..\obj\stm32f1xx_hal_i2c.o
 .text.I2C_Slave_AF
                0x00000000       0x50 ..\obj\stm32f1xx_hal_i2c.o
 .text.I2C_RequestMemoryWrite
                0x00000000      0x118 ..\obj\stm32f1xx_hal_i2c.o
 .text.I2C_RequestMemoryRead
                0x00000000      0x1ac ..\obj\stm32f1xx_hal_i2c.o
 .text.I2C_DMAMasterTransmitCplt
                0x00000000       0x84 ..\obj\stm32f1xx_hal_i2c.o
 .text.I2C_DMASlaveTransmitCplt
                0x00000000       0x94 ..\obj\stm32f1xx_hal_i2c.o
 .text.I2C_DMAMasterReceiveCplt
                0x00000000       0x84 ..\obj\stm32f1xx_hal_i2c.o
 .text.I2C_DMASlaveReceiveCplt
                0x00000000       0xb0 ..\obj\stm32f1xx_hal_i2c.o
 .text.I2C_DMAMemTransmitCplt
                0x00000000       0x84 ..\obj\stm32f1xx_hal_i2c.o
 .text.I2C_DMAMemReceiveCplt
                0x00000000       0x84 ..\obj\stm32f1xx_hal_i2c.o
 .text.I2C_DMAError
                0x00000000       0x50 ..\obj\stm32f1xx_hal_i2c.o
 .text.I2C_WaitOnSTOPFlagUntilTimeout
                0x00000000       0x74 ..\obj\stm32f1xx_hal_i2c.o
 .text          0x00000000        0x0 ..\obj\stm32f1xx_hal_msp.o
 .data          0x00000000        0x0 ..\obj\stm32f1xx_hal_msp.o
 .bss           0x00000000        0x0 ..\obj\stm32f1xx_hal_msp.o
 .text.HAL_I2C_MspDeInit
                0x00000000       0x3c ..\obj\stm32f1xx_hal_msp.o
 .text          0x00000000        0x0 ..\obj\stm32f1xx_hal_tim.o
 .data          0x00000000        0x0 ..\obj\stm32f1xx_hal_tim.o
 .bss           0x00000000        0x0 ..\obj\stm32f1xx_hal_tim.o
 .debug_info    0x00000000       0xa0 ..\obj\stm32f1xx_hal_tim.o
 .debug_abbrev  0x00000000       0x4b ..\obj\stm32f1xx_hal_tim.o
 .debug_aranges
                0x00000000       0x18 ..\obj\stm32f1xx_hal_tim.o
 .debug_line    0x00000000      0x14d ..\obj\stm32f1xx_hal_tim.o
 .debug_str     0x00000000      0x1fa ..\obj\stm32f1xx_hal_tim.o
 .comment       0x00000000       0x6f ..\obj\stm32f1xx_hal_tim.o
 .ARM.attributes
                0x00000000       0x33 ..\obj\stm32f1xx_hal_tim.o
 .text          0x00000000        0x0 ..\obj\stm32f1xx_hal_flash_ex.o
 .data          0x00000000        0x0 ..\obj\stm32f1xx_hal_flash_ex.o
 .bss           0x00000000        0x0 ..\obj\stm32f1xx_hal_flash_ex.o
 .text.HAL_FLASHEx_Erase
                0x00000000       0xd8 ..\obj\stm32f1xx_hal_flash_ex.o
 .text.HAL_FLASHEx_Erase_IT
                0x00000000       0x84 ..\obj\stm32f1xx_hal_flash_ex.o
 .text.HAL_FLASHEx_OBErase
                0x00000000       0x84 ..\obj\stm32f1xx_hal_flash_ex.o
 .text.HAL_FLASHEx_OBProgram
                0x00000000       0xf8 ..\obj\stm32f1xx_hal_flash_ex.o
 .text.HAL_FLASHEx_OBGetConfig
                0x00000000       0x38 ..\obj\stm32f1xx_hal_flash_ex.o
 .text.HAL_FLASHEx_OBGetUserData
                0x00000000       0x6c ..\obj\stm32f1xx_hal_flash_ex.o
 .text.FLASH_MassErase
                0x00000000       0x38 ..\obj\stm32f1xx_hal_flash_ex.o
 .text.FLASH_OB_EnableWRP
                0x00000000      0x144 ..\obj\stm32f1xx_hal_flash_ex.o
 .text.FLASH_OB_DisableWRP
                0x00000000      0x140 ..\obj\stm32f1xx_hal_flash_ex.o
 .text.FLASH_OB_RDP_LevelConfig
                0x00000000       0xa0 ..\obj\stm32f1xx_hal_flash_ex.o
 .text.FLASH_OB_UserConfig
                0x00000000       0x70 ..\obj\stm32f1xx_hal_flash_ex.o
 .text.FLASH_OB_ProgramData
                0x00000000       0x68 ..\obj\stm32f1xx_hal_flash_ex.o
 .text.FLASH_OB_GetWRP
                0x00000000       0x14 ..\obj\stm32f1xx_hal_flash_ex.o
 .text.FLASH_OB_GetRDP
                0x00000000       0x38 ..\obj\stm32f1xx_hal_flash_ex.o
 .text.FLASH_OB_GetUser
                0x00000000       0x34 ..\obj\stm32f1xx_hal_flash_ex.o
 .text.FLASH_PageErase
                0x00000000       0x40 ..\obj\stm32f1xx_hal_flash_ex.o
 .debug_info    0x00000000      0x840 ..\obj\stm32f1xx_hal_flash_ex.o
 .debug_abbrev  0x00000000      0x265 ..\obj\stm32f1xx_hal_flash_ex.o
 .debug_aranges
                0x00000000       0x98 ..\obj\stm32f1xx_hal_flash_ex.o
 .debug_ranges  0x00000000       0x88 ..\obj\stm32f1xx_hal_flash_ex.o
 .debug_line    0x00000000      0x576 ..\obj\stm32f1xx_hal_flash_ex.o
 .debug_str     0x00000000      0x68f ..\obj\stm32f1xx_hal_flash_ex.o
 .comment       0x00000000       0x6f ..\obj\stm32f1xx_hal_flash_ex.o
 .debug_frame   0x00000000      0x260 ..\obj\stm32f1xx_hal_flash_ex.o
 .ARM.attributes
                0x00000000       0x33 ..\obj\stm32f1xx_hal_flash_ex.o
 .text          0x00000000        0x0 ..\obj\stm32f1xx_hal_tim_ex.o
 .data          0x00000000        0x0 ..\obj\stm32f1xx_hal_tim_ex.o
 .bss           0x00000000        0x0 ..\obj\stm32f1xx_hal_tim_ex.o
 .debug_info    0x00000000       0xa0 ..\obj\stm32f1xx_hal_tim_ex.o
 .debug_abbrev  0x00000000       0x4b ..\obj\stm32f1xx_hal_tim_ex.o
 .debug_aranges
                0x00000000       0x18 ..\obj\stm32f1xx_hal_tim_ex.o
 .debug_line    0x00000000      0x14d ..\obj\stm32f1xx_hal_tim_ex.o
 .debug_str     0x00000000      0x1fd ..\obj\stm32f1xx_hal_tim_ex.o
 .comment       0x00000000       0x6f ..\obj\stm32f1xx_hal_tim_ex.o
 .ARM.attributes
                0x00000000       0x33 ..\obj\stm32f1xx_hal_tim_ex.o

Memory Configuration

Name             Origin             Length             Attributes
rom              0x08000000         0x00040000         xr
ram              0x20000000         0x00010000         xrw
*default*        0x00000000         0xffffffff

Linker script and memory map

                0x20010000                _eram = 0x20010000

.text           0x08000000     0x3a60
 *(.isr_vector)
 .isr_vector    0x08000000      0x154 ..\obj\startup_stm32f10x_cl.o
                0x08000000                g_pfnVectors
 *(.text*)
 .text.SH_SendChar
                0x08000154       0x64 ..\obj\semihosting.o
                0x08000154                SH_SendChar
 .text.HAL_Init
                0x080001b8       0x2c ..\obj\stm32f1xx_hal.o
                0x080001b8                HAL_Init
 .text.HAL_InitTick
                0x080001e4       0x38 ..\obj\stm32f1xx_hal.o
                0x080001e4                HAL_InitTick
 .text.HAL_IncTick
                0x0800021c       0x1c ..\obj\stm32f1xx_hal.o
                0x0800021c                HAL_IncTick
 .text.HAL_GetTick
                0x08000238       0x14 ..\obj\stm32f1xx_hal.o
                0x08000238                HAL_GetTick
 .text.HAL_Delay
                0x0800024c       0x2c ..\obj\stm32f1xx_hal.o
                0x0800024c                HAL_Delay
 .text.NMI_Handler
                0x08000278        0xc ..\obj\stm32f1xx_it.o
                0x08000278                NMI_Handler
 .text.MemManage_Handler
                0x08000284        0x8 ..\obj\stm32f1xx_it.o
                0x08000284                MemManage_Handler
 .text.BusFault_Handler
                0x0800028c        0x8 ..\obj\stm32f1xx_it.o
                0x0800028c                BusFault_Handler
 .text.UsageFault_Handler
                0x08000294        0x8 ..\obj\stm32f1xx_it.o
                0x08000294                UsageFault_Handler
 .text.SVC_Handler
                0x0800029c        0xc ..\obj\stm32f1xx_it.o
                0x0800029c                SVC_Handler
 .text.DebugMon_Handler
                0x080002a8        0xc ..\obj\stm32f1xx_it.o
                0x080002a8                DebugMon_Handler
 .text.PendSV_Handler
                0x080002b4        0xc ..\obj\stm32f1xx_it.o
                0x080002b4                PendSV_Handler
 .text.SysTick_Handler
                0x080002c0       0x10 ..\obj\stm32f1xx_it.o
                0x080002c0                SysTick_Handler
 .text.NVIC_SetPriorityGrouping
                0x080002d0       0x48 ..\obj\stm32f1xx_hal_cortex.o
 .text.NVIC_GetPriorityGrouping
                0x08000318       0x1c ..\obj\stm32f1xx_hal_cortex.o
 .text.NVIC_SetPriority
                0x08000334       0x54 ..\obj\stm32f1xx_hal_cortex.o
 .text.NVIC_EncodePriority
                0x08000388       0x60 ..\obj\stm32f1xx_hal_cortex.o
 .text.SysTick_Config
                0x080003e8       0x44 ..\obj\stm32f1xx_hal_cortex.o
 .text.HAL_NVIC_SetPriorityGrouping
                0x0800042c       0x18 ..\obj\stm32f1xx_hal_cortex.o
                0x0800042c                HAL_NVIC_SetPriorityGrouping
 .text.HAL_NVIC_SetPriority
                0x08000444       0x38 ..\obj\stm32f1xx_hal_cortex.o
                0x08000444                HAL_NVIC_SetPriority
 .text.HAL_SYSTICK_Config
                0x0800047c       0x18 ..\obj\stm32f1xx_hal_cortex.o
                0x0800047c                HAL_SYSTICK_Config
 .text.HAL_SYSTICK_CLKSourceConfig
                0x08000494       0x38 ..\obj\stm32f1xx_hal_cortex.o
                0x08000494                HAL_SYSTICK_CLKSourceConfig
 .text.HAL_SYSTICK_IRQHandler
                0x080004cc        0xc ..\obj\stm32f1xx_hal_cortex.o
                0x080004cc                HAL_SYSTICK_IRQHandler
 .text.HAL_SYSTICK_Callback
                0x080004d8        0xc ..\obj\stm32f1xx_hal_cortex.o
                0x080004d8                HAL_SYSTICK_Callback
 .text.SystemInit
                0x080004e4       0x7c ..\obj\system_stm32f1xx.o
                0x080004e4                SystemInit
 .text.HAL_RCC_OscConfig
                0x08000560     0x1210 ..\obj\stm32f1xx_hal_rcc.o
                0x08000560                HAL_RCC_OscConfig
 .text.HAL_RCC_ClockConfig
                0x08001770      0x378 ..\obj\stm32f1xx_hal_rcc.o
                0x08001770                HAL_RCC_ClockConfig
 .text.HAL_RCC_GetSysClockFreq
                0x08001ae8      0x1a4 ..\obj\stm32f1xx_hal_rcc.o
                0x08001ae8                HAL_RCC_GetSysClockFreq
 .text.HAL_RCC_GetHCLKFreq
                0x08001c8c       0x14 ..\obj\stm32f1xx_hal_rcc.o
                0x08001c8c                HAL_RCC_GetHCLKFreq
 .text.HAL_RCC_GetPCLK1Freq
                0x08001ca0       0x44 ..\obj\stm32f1xx_hal_rcc.o
                0x08001ca0                HAL_RCC_GetPCLK1Freq
 .text.main     0x08001ce4       0x10 ..\obj\main.o
                0x08001ce4                main
 .text.sensorSetup
                0x08001cf4      0x168 ..\obj\sensor.o
                0x08001cf4                sensorSetup
 .text.printSensorData
                0x08001e5c      0x290 ..\obj\sensor.o
                0x08001e5c                printSensorData
 .text.SystemClock_Config
                0x080020ec       0xac ..\obj\sensor.o
                0x080020ec                SystemClock_Config
 .text.MX_I2C2_Init
                0x08002198       0x5c ..\obj\sensor.o
 .text.MX_GPIO_Init
                0x080021f4       0x44 ..\obj\sensor.o
 .text.Error_Handler
                0x08002238        0x8 ..\obj\sensor.o
                0x08002238                Error_Handler
 .text.PrintChar
                0x08002240       0x1c ..\obj\printf.o
                0x08002240                PrintChar
 .text.PutChar  0x0800225c       0x20 ..\obj\printf.o
                0x0800225c                PutChar
 .text.PutString
                0x0800227c       0x3c ..\obj\printf.o
                0x0800227c                PutString
 .text.PutUnsignedInt
                0x080022b8       0x9c ..\obj\printf.o
                0x080022b8                PutUnsignedInt
 .text.PutSignedInt
                0x08002354       0xf8 ..\obj\printf.o
                0x08002354                PutSignedInt
 .text.PutHexa  0x0800244c       0xd4 ..\obj\printf.o
                0x0800244c                PutHexa
 .text.vsnprintf
                0x08002520      0x254 ..\obj\printf.o
                0x08002520                vsnprintf
 .text.vsprintf
                0x08002774       0x24 ..\obj\printf.o
                0x08002774                vsprintf
 .text.vfprintf
                0x08002798       0x68 ..\obj\printf.o
                0x08002798                vfprintf
 .text.vprintf  0x08002800       0x28 ..\obj\printf.o
                0x08002800                vprintf
 .text.printf   0x08002828       0x28 ..\obj\printf.o
                0x08002828                printf
 .text.fputc    0x08002850       0x40 ..\obj\printf.o
                0x08002850                fputc
 .text.fputs    0x08002890       0x48 ..\obj\printf.o
                0x08002890                fputs
 .text.Default_Reset_Handler
                0x080028d8       0x60 ..\obj\startup_stm32f10x_cl.o
                0x080028d8                Default_Reset_Handler
                0x080028d8                Reset_Handler
 .text.Default_Handler
                0x08002938        0x8 ..\obj\startup_stm32f10x_cl.o
                0x08002938                EXTI2_IRQHandler
                0x08002938                TIM1_CC_IRQHandler
                0x08002938                TIM6_IRQHandler
                0x08002938                PVD_IRQHandler
                0x08002938                CAN2_RX1_IRQHandler
                0x08002938                EXTI3_IRQHandler
                0x08002938                EXTI0_IRQHandler
                0x08002938                I2C2_EV_IRQHandler
                0x08002938                CAN1_RX0_IRQHandler
                0x08002938                CAN2_SCE_IRQHandler
                0x08002938                ADC1_2_IRQHandler
                0x08002938                SPI1_IRQHandler
                0x08002938                TAMPER_IRQHandler
                0x08002938                CAN2_RX0_IRQHandler
                0x08002938                DMA2_Channel2_IRQHandler
                0x08002938                DMA1_Channel4_IRQHandler
                0x08002938                USART3_IRQHandler
                0x08002938                RTC_IRQHandler
                0x08002938                DMA1_Channel7_IRQHandler
                0x08002938                CAN1_RX1_IRQHandler
                0x08002938                UART5_IRQHandler
                0x08002938                TIM4_IRQHandler
                0x08002938                DMA2_Channel1_IRQHandler
                0x08002938                I2C1_EV_IRQHandler
                0x08002938                DMA1_Channel6_IRQHandler
                0x08002938                UART4_IRQHandler
                0x08002938                DMA2_Channel4_IRQHandler
                0x08002938                TIM3_IRQHandler
                0x08002938                RCC_IRQHandler
                0x08002938                TIM1_TRG_COM_IRQHandler
                0x08002938                DMA1_Channel1_IRQHandler
                0x08002938                EXTI15_10_IRQHandler
                0x08002938                TIM7_IRQHandler
                0x08002938                CAN2_TX_IRQHandler
                0x08002938                TIM5_IRQHandler
                0x08002938                EXTI9_5_IRQHandler
                0x08002938                ETH_WKUP_IRQHandler
                0x08002938                SPI2_IRQHandler
                0x08002938                CAN1_TX_IRQHandler
                0x08002938                DMA2_Channel5_IRQHandler
                0x08002938                DMA1_Channel5_IRQHandler
                0x08002938                EXTI4_IRQHandler
                0x08002938                DMA1_Channel3_IRQHandler
                0x08002938                ETH_IRQHandler
                0x08002938                TIM1_UP_IRQHandler
                0x08002938                WWDG_IRQHandler
                0x08002938                TIM2_IRQHandler
                0x08002938                OTG_FS_WKUP_IRQHandler
                0x08002938                TIM1_BRK_IRQHandler
                0x08002938                EXTI1_IRQHandler
                0x08002938                RTCAlarm_IRQHandler
                0x08002938                USART2_IRQHandler
                0x08002938                I2C2_ER_IRQHandler
                0x08002938                DMA1_Channel2_IRQHandler
                0x08002938                CAN1_SCE_IRQHandler
                0x08002938                FLASH_IRQHandler
                0x08002938                USART1_IRQHandler
                0x08002938                OTG_FS_IRQHandler
                0x08002938                SPI3_IRQHandler
                0x08002938                I2C1_ER_IRQHandler
                0x08002938                DMA2_Channel3_IRQHandler
 .text.HAL_GPIO_Init
                0x08002940      0x2bc ..\obj\stm32f1xx_hal_gpio.o
                0x08002940                HAL_GPIO_Init
 .text          0x08002bfc       0x26 ..\obj\sh_cmd.o
                0x08002bfc                SH_DoCommand
                0x08002c0e                HardFault_Handler
 *fill*         0x08002c22        0x2 
 .text.HAL_I2C_Init
                0x08002c24      0x10c ..\obj\stm32f1xx_hal_i2c.o
                0x08002c24                HAL_I2C_Init
 .text.HAL_I2C_Master_Transmit
                0x08002d30      0x19c ..\obj\stm32f1xx_hal_i2c.o
                0x08002d30                HAL_I2C_Master_Transmit
 .text.HAL_I2C_Master_Receive
                0x08002ecc      0x320 ..\obj\stm32f1xx_hal_i2c.o
                0x08002ecc                HAL_I2C_Master_Receive
 .text.I2C_MasterRequestWrite
                0x080031ec       0xc8 ..\obj\stm32f1xx_hal_i2c.o
 .text.I2C_MasterRequestRead
                0x080032b4      0x14c ..\obj\stm32f1xx_hal_i2c.o
 .text.I2C_Configure_Speed
                0x08003400       0x9c ..\obj\stm32f1xx_hal_i2c.o
 .text.I2C_WaitOnFlagUntilTimeout
                0x0800349c      0x114 ..\obj\stm32f1xx_hal_i2c.o
 .text.I2C_WaitOnMasterAddressFlagUntilTimeout
                0x080035b0       0xdc ..\obj\stm32f1xx_hal_i2c.o
 .text.I2C_WaitOnTXEFlagUntilTimeout
                0x0800368c       0x78 ..\obj\stm32f1xx_hal_i2c.o
 .text.I2C_WaitOnBTFFlagUntilTimeout
                0x08003704       0x78 ..\obj\stm32f1xx_hal_i2c.o
 .text.I2C_WaitOnRXNEFlagUntilTimeout
                0x0800377c       0x9c ..\obj\stm32f1xx_hal_i2c.o
 .text.I2C_IsAcknowledgeFailed
                0x08003818       0x4c ..\obj\stm32f1xx_hal_i2c.o
 .text.HAL_MspInit
                0x08003864       0x98 ..\obj\stm32f1xx_hal_msp.o
                0x08003864                HAL_MspInit
 .text.HAL_I2C_MspInit
                0x080038fc       0x58 ..\obj\stm32f1xx_hal_msp.o
                0x080038fc                HAL_I2C_MspInit
 *(.init)
 *(.fini)
 *crtbegin.o(.ctors)
 *crtbegin?.o(.ctors)
 *(EXCLUDE_FILE(*crtend.o *crtend?.o) .ctors)
 *(SORT(.ctors.*))
 *(.ctors)
 *crtbegin.o(.dtors)
 *crtbegin?.o(.dtors)
 *(EXCLUDE_FILE(*crtend.o *crtend?.o) .dtors)
 *(SORT(.dtors.*))
 *(.dtors)
 *(.rodata*)
 .rodata        0x08003954       0x18 ..\obj\system_stm32f1xx.o
                0x08003954                AHBPrescTable
                0x08003964                APBPrescTable
 .rodata        0x0800396c       0x1c ..\obj\stm32f1xx_hal_rcc.o
 .rodata        0x08003988       0xb3 ..\obj\sensor.o
 *fill*         0x08003a3b        0x1 
 .rodata        0x08003a3c       0x24 ..\obj\printf.o
 *(.eh_fram e*)

.glue_7         0x08003a60        0x0
 .glue_7        0x08003a60        0x0 linker stubs

.glue_7t        0x08003a60        0x0
 .glue_7t       0x08003a60        0x0 linker stubs

.vfp11_veneer   0x08003a60        0x0
 .vfp11_veneer  0x08003a60        0x0 linker stubs

.v4_bx          0x08003a60        0x0
 .v4_bx         0x08003a60        0x0 linker stubs

.iplt           0x08003a60        0x0
 .iplt          0x08003a60        0x0 ..\obj\stm32f1xx_hal_rcc_ex.o

.rel.dyn        0x08003a60        0x0
 .rel.iplt      0x08003a60        0x0 ..\obj\stm32f1xx_hal_rcc_ex.o

.ARM.extab
 *(.ARM.extab* .gnu.linkonce.armextab.*)
                0x08003a60                __exidx_start = .

.ARM.exidx
 *(.ARM.exidx* .gnu.linkonce.armexidx.*)
                0x08003a60                __exidx_end = .
                0x08003a60                __etext = .
                0x08003a60                _sidata = __etext

.data           0x20000000      0x434 load address 0x08003a60
                0x20000000                __data_start__ = .
                0x20000000                _sdata = __data_start__
 *(vtable)
 *(.data*)
 .data          0x20000000        0x4 ..\obj\system_stm32f1xx.o
                0x20000000                SystemCoreClock
 *fill*         0x20000004        0x4 
 .data          0x20000008      0x42c ..\obj\printf.o
                0x20000008                r
                0x20000430                _impure_ptr
                0x20000434                . = ALIGN (0x4)
                [!provide]                PROVIDE (__preinit_array_start, .)
 *(.preinit_array)
                [!provide]                PROVIDE (__preinit_array_end, .)
                0x20000434                . = ALIGN (0x4)
                [!provide]                PROVIDE (__init_array_start, .)
 *(SORT(.init_array.*))
 *(.init_array)
                [!provide]                PROVIDE (__init_array_end, .)
                0x20000434                . = ALIGN (0x4)
                [!provide]                PROVIDE (__fini_array_start, .)
 *(SORT(.fini_array.*))
 *(.fini_array)
                [!provide]                PROVIDE (__fini_array_end, .)
 *(.jcr*)
                0x20000434                . = ALIGN (0x4)
                0x20000434                __data_end__ = .
                0x20000434                _edata = __data_end__

.igot.plt       0x20000434        0x0 load address 0x08003e94
 .igot.plt      0x20000434        0x0 ..\obj\stm32f1xx_hal_rcc_ex.o

.bss            0x20000434       0xe8 load address 0x08003e94
                0x20000434                . = ALIGN (0x4)
                0x20000434                __bss_start__ = .
                0x20000434                _sbss = __bss_start__
 *(.bss*)
 .bss           0x20000434       0x11 ..\obj\semihosting.o
 *fill*         0x20000445        0x3 
 .bss           0x20000448        0x4 ..\obj\stm32f1xx_hal.o
 *(COMMON)
 COMMON         0x2000044c       0xce ..\obj\sensor.o
                0x2000044c                OUT_Z_GYRO
                0x20000450                rx_data_MAG
                0x20000470                hi2c2
                0x200004ac                OUT_Y_MAG
                0x200004ae                OUT_X_GYRO
                0x200004b0                OUT_Y_GYRO
                0x200004b4                tx_data_ACC
                0x200004c0                rx_data_GYRO
                0x200004de                OUT_Z_MAG
                0x200004e0                rx_data_ACC
                0x200004fe                OUT_X_ACCEL
                0x20000500                tx_data_MAG
                0x2000050a                OUT_Y_ACCEL
                0x2000050c                tx_data_GYRO
                0x20000516                OUT_X_MAG
                0x20000518                OUT_Z_ACCEL
                0x2000051c                . = ALIGN (0x4)
 *fill*         0x2000051a        0x2 
                0x2000051c                __bss_end__ = .
                0x2000051c                _ebss = __bss_end__

.heap           0x2000051c        0x0
                0x2000051c                __end__ = .
                0x2000051c                _end = __end__
                0x2000051c                end = __end__
 *(.heap*)
                0x2000051c                __HeapLimit = .

.co_stack       0x2000051c      0x404 load address 0x08003f7c
                0x20000520                . = ALIGN (0x8)
 *fill*         0x2000051c        0x4 
 *(.co_stack .co_stack.*)
 .co_stack      0x20000520      0x400 ..\obj\startup_stm32f10x_cl.o
                0x20000520                pulStack
                0x20010000                __StackTop = (ORIGIN (ram) + LENGTH (ram))
                0x2000fbfc                __StackLimit = (__StackTop - SIZEOF (.co_stack))
                [!provide]                PROVIDE (__stack, __StackTop)
                0x00000001                ASSERT ((__StackLimit >= __HeapLimit), region ram  overflowed with stack)
LOAD ..\obj\stm32f1xx_hal_rcc_ex.o
LOAD ..\obj\semihosting.o
LOAD ..\obj\stm32f1xx_hal_pwr.o
LOAD ..\obj\stm32f1xx_hal.o
LOAD ..\obj\stm32f1xx_it.o
LOAD ..\obj\stm32f1xx_hal_gpio_ex.o
LOAD ..\obj\stm32f1xx_hal_cortex.o
LOAD ..\obj\system_stm32f1xx.o
LOAD ..\obj\stm32f1xx_hal_rcc.o
LOAD ..\obj\main.o
LOAD ..\obj\sensor.o
LOAD ..\obj\printf.o
LOAD ..\obj\startup_stm32f10x_cl.o
LOAD ..\obj\stm32f1xx_hal_flash.o
LOAD ..\obj\stm32f1xx_hal_gpio.o
LOAD ..\obj\stm32f1xx_hal_dma.o
LOAD ..\obj\sh_cmd.o
LOAD ..\obj\stm32f1xx_hal_i2c.o
LOAD ..\obj\stm32f1xx_hal_msp.o
LOAD ..\obj\stm32f1xx_hal_tim.o
LOAD ..\obj\stm32f1xx_hal_flash_ex.o
LOAD ..\obj\stm32f1xx_hal_tim_ex.o
LOAD c:/program files (x86)/gnu tools arm embedded/5.4 2016q2/bin/../lib/gcc/arm-none-eabi/5.4.1/../../../../arm-none-eabi/lib/armv7-m\libm.a
LOAD c:/program files (x86)/gnu tools arm embedded/5.4 2016q2/bin/../lib/gcc/arm-none-eabi/5.4.1/armv7-m\libgcc.a
LOAD c:/program files (x86)/gnu tools arm embedded/5.4 2016q2/bin/../lib/gcc/arm-none-eabi/5.4.1/../../../../arm-none-eabi/lib/armv7-m\libc.a
LOAD c:/program files (x86)/gnu tools arm embedded/5.4 2016q2/bin/../lib/gcc/arm-none-eabi/5.4.1/../../../../arm-none-eabi/lib/armv7-m\librdimon.a
START GROUP
LOAD c:/program files (x86)/gnu tools arm embedded/5.4 2016q2/bin/../lib/gcc/arm-none-eabi/5.4.1/armv7-m\libgcc.a
LOAD c:/program files (x86)/gnu tools arm embedded/5.4 2016q2/bin/../lib/gcc/arm-none-eabi/5.4.1/../../../../arm-none-eabi/lib/armv7-m\libg.a
LOAD c:/program files (x86)/gnu tools arm embedded/5.4 2016q2/bin/../lib/gcc/arm-none-eabi/5.4.1/../../../../arm-none-eabi/lib/armv7-m\libc.a
END GROUP
OUTPUT(IMU.elf elf32-littlearm)

.debug_info     0x00000000     0x7491
 .debug_info    0x00000000      0x136 ..\obj\semihosting.o
 .debug_info    0x00000136      0x65d ..\obj\stm32f1xx_hal.o
 .debug_info    0x00000793      0x130 ..\obj\stm32f1xx_it.o
 .debug_info    0x000008c3      0xb1f ..\obj\stm32f1xx_hal_cortex.o
 .debug_info    0x000013e2      0x421 ..\obj\system_stm32f1xx.o
 .debug_info    0x00001803     0x1760 ..\obj\stm32f1xx_hal_rcc.o
 .debug_info    0x00002f63       0x3e ..\obj\main.o
 .debug_info    0x00002fa1      0xb2f ..\obj\sensor.o
 .debug_info    0x00003ad0      0xe4a ..\obj\printf.o
 .debug_info    0x0000491a       0xee ..\obj\startup_stm32f10x_cl.o
 .debug_info    0x00004a08      0x60f ..\obj\stm32f1xx_hal_gpio.o
 .debug_info    0x00005017       0xc5 ..\obj\sh_cmd.o
 .debug_info    0x000050dc     0x1acf ..\obj\stm32f1xx_hal_i2c.o
 .debug_info    0x00006bab      0x8e6 ..\obj\stm32f1xx_hal_msp.o

.debug_abbrev   0x00000000     0x139d
 .debug_abbrev  0x00000000       0xad ..\obj\semihosting.o
 .debug_abbrev  0x000000ad      0x1f8 ..\obj\stm32f1xx_hal.o
 .debug_abbrev  0x000002a5       0x7f ..\obj\stm32f1xx_it.o
 .debug_abbrev  0x00000324      0x270 ..\obj\stm32f1xx_hal_cortex.o
 .debug_abbrev  0x00000594      0x101 ..\obj\system_stm32f1xx.o
 .debug_abbrev  0x00000695      0x276 ..\obj\stm32f1xx_hal_rcc.o
 .debug_abbrev  0x0000090b       0x37 ..\obj\main.o
 .debug_abbrev  0x00000942      0x222 ..\obj\sensor.o
 .debug_abbrev  0x00000b64      0x273 ..\obj\printf.o
 .debug_abbrev  0x00000dd7       0xa7 ..\obj\startup_stm32f10x_cl.o
 .debug_abbrev  0x00000e7e      0x1ac ..\obj\stm32f1xx_hal_gpio.o
 .debug_abbrev  0x0000102a       0x14 ..\obj\sh_cmd.o
 .debug_abbrev  0x0000103e      0x20a ..\obj\stm32f1xx_hal_i2c.o
 .debug_abbrev  0x00001248      0x155 ..\obj\stm32f1xx_hal_msp.o

.debug_aranges  0x00000000      0x6d8
 .debug_aranges
                0x00000000       0x30 ..\obj\semihosting.o
 .debug_aranges
                0x00000030       0xb0 ..\obj\stm32f1xx_hal.o
 .debug_aranges
                0x000000e0       0x58 ..\obj\stm32f1xx_it.o
 .debug_aranges
                0x00000138      0x100 ..\obj\stm32f1xx_hal_cortex.o
 .debug_aranges
                0x00000238       0x28 ..\obj\system_stm32f1xx.o
 .debug_aranges
                0x00000260       0x88 ..\obj\stm32f1xx_hal_rcc.o
 .debug_aranges
                0x000002e8       0x20 ..\obj\main.o
 .debug_aranges
                0x00000308       0x48 ..\obj\sensor.o
 .debug_aranges
                0x00000350       0xa0 ..\obj\printf.o
 .debug_aranges
                0x000003f0       0x28 ..\obj\startup_stm32f10x_cl.o
 .debug_aranges
                0x00000418       0x58 ..\obj\stm32f1xx_hal_gpio.o
 .debug_aranges
                0x00000470       0x20 ..\obj\sh_cmd.o
 .debug_aranges
                0x00000490      0x218 ..\obj\stm32f1xx_hal_i2c.o
 .debug_aranges
                0x000006a8       0x30 ..\obj\stm32f1xx_hal_msp.o

.debug_ranges   0x00000000      0x5e8
 .debug_ranges  0x00000000       0x20 ..\obj\semihosting.o
 .debug_ranges  0x00000020       0xa0 ..\obj\stm32f1xx_hal.o
 .debug_ranges  0x000000c0       0x48 ..\obj\stm32f1xx_it.o
 .debug_ranges  0x00000108       0xf0 ..\obj\stm32f1xx_hal_cortex.o
 .debug_ranges  0x000001f8       0x18 ..\obj\system_stm32f1xx.o
 .debug_ranges  0x00000210       0x78 ..\obj\stm32f1xx_hal_rcc.o
 .debug_ranges  0x00000288       0x10 ..\obj\main.o
 .debug_ranges  0x00000298       0x38 ..\obj\sensor.o
 .debug_ranges  0x000002d0       0x90 ..\obj\printf.o
 .debug_ranges  0x00000360       0x18 ..\obj\startup_stm32f10x_cl.o
 .debug_ranges  0x00000378       0x48 ..\obj\stm32f1xx_hal_gpio.o
 .debug_ranges  0x000003c0      0x208 ..\obj\stm32f1xx_hal_i2c.o
 .debug_ranges  0x000005c8       0x20 ..\obj\stm32f1xx_hal_msp.o

.debug_line     0x00000000     0x3f93
 .debug_line    0x00000000       0xc3 ..\obj\semihosting.o
 .debug_line    0x000000c3      0x441 ..\obj\stm32f1xx_hal.o
 .debug_line    0x00000504      0x239 ..\obj\stm32f1xx_it.o
 .debug_line    0x0000073d      0x4fb ..\obj\stm32f1xx_hal_cortex.o
 .debug_line    0x00000c38      0x2a8 ..\obj\system_stm32f1xx.o
 .debug_line    0x00000ee0      0xd64 ..\obj\stm32f1xx_hal_rcc.o
 .debug_line    0x00001c44       0x86 ..\obj\main.o
 .debug_line    0x00001cca      0x3f5 ..\obj\sensor.o
 .debug_line    0x000020bf      0x38c ..\obj\printf.o
 .debug_line    0x0000244b       0xba ..\obj\startup_stm32f10x_cl.o
 .debug_line    0x00002505      0x4d5 ..\obj\stm32f1xx_hal_gpio.o
 .debug_line    0x000029da       0x94 ..\obj\sh_cmd.o
 .debug_line    0x00002a6e     0x11fa ..\obj\stm32f1xx_hal_i2c.o
 .debug_line    0x00003c68      0x32b ..\obj\stm32f1xx_hal_msp.o

.debug_str      0x00000000     0x2553
 .debug_str     0x00000000      0x1bd ..\obj\semihosting.o
                                0x1f6 (size before relaxing)
 .debug_str     0x000001bd      0x69f ..\obj\stm32f1xx_hal.o
                                0x82d (size before relaxing)
 .debug_str     0x0000085c       0xd2 ..\obj\stm32f1xx_it.o
                                0x256 (size before relaxing)
 .debug_str     0x0000092e      0x36e ..\obj\stm32f1xx_hal_cortex.o
                                0x9d6 (size before relaxing)
 .debug_str     0x00000c9c      0x119 ..\obj\system_stm32f1xx.o
                                0x36e (size before relaxing)
 .debug_str     0x00000db5      0x3cb ..\obj\stm32f1xx_hal_rcc.o
                                0x690 (size before relaxing)
 .debug_str     0x00001180       0x51 ..\obj\main.o
                                 0xcd (size before relaxing)
 .debug_str     0x000011d1      0x4d2 ..\obj\sensor.o
                                0xc62 (size before relaxing)
 .debug_str     0x000016a3      0x4dd ..\obj\printf.o
                                0x69f (size before relaxing)
 .debug_str     0x00001b80       0xc8 ..\obj\startup_stm32f10x_cl.o
                                0x15f (size before relaxing)
 .debug_str     0x00001c48      0x1cf ..\obj\stm32f1xx_hal_gpio.o
                                0x46b (size before relaxing)
 .debug_str     0x00001e17      0x6d3 ..\obj\stm32f1xx_hal_i2c.o
                                0xc96 (size before relaxing)
 .debug_str     0x000024ea       0x69 ..\obj\stm32f1xx_hal_msp.o
                                0xa53 (size before relaxing)

.comment        0x00000000       0x6e
 .comment       0x00000000       0x6e ..\obj\semihosting.o
                                 0x6f (size before relaxing)
 .comment       0x0000006e       0x6f ..\obj\stm32f1xx_hal.o
 .comment       0x0000006e       0x6f ..\obj\stm32f1xx_it.o
 .comment       0x0000006e       0x6f ..\obj\stm32f1xx_hal_cortex.o
 .comment       0x0000006e       0x6f ..\obj\system_stm32f1xx.o
 .comment       0x0000006e       0x6f ..\obj\stm32f1xx_hal_rcc.o
 .comment       0x0000006e       0x6f ..\obj\main.o
 .comment       0x0000006e       0x6f ..\obj\sensor.o
 .comment       0x0000006e       0x6f ..\obj\printf.o
 .comment       0x0000006e       0x6f ..\obj\startup_stm32f10x_cl.o
 .comment       0x0000006e       0x6f ..\obj\stm32f1xx_hal_gpio.o
 .comment       0x0000006e       0x6f ..\obj\stm32f1xx_hal_i2c.o
 .comment       0x0000006e       0x6f ..\obj\stm32f1xx_hal_msp.o

.ARM.attributes
                0x00000000       0x31
 .ARM.attributes
                0x00000000       0x33 ..\obj\semihosting.o
 .ARM.attributes
                0x00000033       0x33 ..\obj\stm32f1xx_hal.o
 .ARM.attributes
                0x00000066       0x33 ..\obj\stm32f1xx_it.o
 .ARM.attributes
                0x00000099       0x33 ..\obj\stm32f1xx_hal_cortex.o
 .ARM.attributes
                0x000000cc       0x33 ..\obj\system_stm32f1xx.o
 .ARM.attributes
                0x000000ff       0x33 ..\obj\stm32f1xx_hal_rcc.o
 .ARM.attributes
                0x00000132       0x33 ..\obj\main.o
 .ARM.attributes
                0x00000165       0x33 ..\obj\sensor.o
 .ARM.attributes
                0x00000198       0x33 ..\obj\printf.o
 .ARM.attributes
                0x000001cb       0x33 ..\obj\startup_stm32f10x_cl.o
 .ARM.attributes
                0x000001fe       0x33 ..\obj\stm32f1xx_hal_gpio.o
 .ARM.attributes
                0x00000231       0x21 ..\obj\sh_cmd.o
 .ARM.attributes
                0x00000252       0x33 ..\obj\stm32f1xx_hal_i2c.o
 .ARM.attributes
                0x00000285       0x33 ..\obj\stm32f1xx_hal_msp.o

.debug_frame    0x00000000     0x19f8
 .debug_frame   0x00000000       0x7c ..\obj\semihosting.o
 .debug_frame   0x0000007c      0x278 ..\obj\stm32f1xx_hal.o
 .debug_frame   0x000002f4       0xf4 ..\obj\stm32f1xx_it.o
 .debug_frame   0x000003e8      0x428 ..\obj\stm32f1xx_hal_cortex.o
 .debug_frame   0x00000810       0x58 ..\obj\system_stm32f1xx.o
 .debug_frame   0x00000868      0x21c ..\obj\stm32f1xx_hal_rcc.o
 .debug_frame   0x00000a84       0x2c ..\obj\main.o
 .debug_frame   0x00000ab0       0xd8 ..\obj\sensor.o
 .debug_frame   0x00000b88      0x2d8 ..\obj\printf.o
 .debug_frame   0x00000e60       0x4c ..\obj\startup_stm32f10x_cl.o
 .debug_frame   0x00000eac      0x14c ..\obj\stm32f1xx_hal_gpio.o
 .debug_frame   0x00000ff8      0x984 ..\obj\stm32f1xx_hal_i2c.o
 .debug_frame   0x0000197c       0x7c ..\obj\stm32f1xx_hal_msp.o
