Archive member included to satisfy reference by file (symbol)

c:/program files (x86)/gnu tools arm embedded/5.4 2016q2/bin/../lib/gcc/arm-none-eabi/5.4.1/../../../../arm-none-eabi/lib/armv7-m\libc.a(lib_a-exit.o)
                              c:/program files (x86)/gnu tools arm embedded/5.4 2016q2/bin/../lib/gcc/arm-none-eabi/5.4.1/../../../../arm-none-eabi/lib/armv7-m/crt0.o (exit)
c:/program files (x86)/gnu tools arm embedded/5.4 2016q2/bin/../lib/gcc/arm-none-eabi/5.4.1/../../../../arm-none-eabi/lib/armv7-m\libc.a(lib_a-impure.o)
                              c:/program files (x86)/gnu tools arm embedded/5.4 2016q2/bin/../lib/gcc/arm-none-eabi/5.4.1/../../../../arm-none-eabi/lib/armv7-m\libc.a(lib_a-exit.o) (_global_impure_ptr)
c:/program files (x86)/gnu tools arm embedded/5.4 2016q2/bin/../lib/gcc/arm-none-eabi/5.4.1/../../../../arm-none-eabi/lib/armv7-m\libc.a(lib_a-init.o)
                              c:/program files (x86)/gnu tools arm embedded/5.4 2016q2/bin/../lib/gcc/arm-none-eabi/5.4.1/../../../../arm-none-eabi/lib/armv7-m/crt0.o (__libc_init_array)
c:/program files (x86)/gnu tools arm embedded/5.4 2016q2/bin/../lib/gcc/arm-none-eabi/5.4.1/../../../../arm-none-eabi/lib/armv7-m\libc.a(lib_a-memset.o)
                              c:/program files (x86)/gnu tools arm embedded/5.4 2016q2/bin/../lib/gcc/arm-none-eabi/5.4.1/../../../../arm-none-eabi/lib/armv7-m/crt0.o (memset)
c:/program files (x86)/gnu tools arm embedded/5.4 2016q2/bin/../lib/gcc/arm-none-eabi/5.4.1/../../../../arm-none-eabi/lib/armv7-m\libc.a(lib_a-__call_atexit.o)
                              c:/program files (x86)/gnu tools arm embedded/5.4 2016q2/bin/../lib/gcc/arm-none-eabi/5.4.1/../../../../arm-none-eabi/lib/armv7-m\libc.a(lib_a-exit.o) (__call_exitprocs)
c:/program files (x86)/gnu tools arm embedded/5.4 2016q2/bin/../lib/gcc/arm-none-eabi/5.4.1/../../../../arm-none-eabi/lib/armv7-m\libc.a(lib_a-atexit.o)
                              c:/program files (x86)/gnu tools arm embedded/5.4 2016q2/bin/../lib/gcc/arm-none-eabi/5.4.1/../../../../arm-none-eabi/lib/armv7-m\libc.a(lib_a-__call_atexit.o) (atexit)
c:/program files (x86)/gnu tools arm embedded/5.4 2016q2/bin/../lib/gcc/arm-none-eabi/5.4.1/../../../../arm-none-eabi/lib/armv7-m\libc.a(lib_a-fini.o)
                              c:/program files (x86)/gnu tools arm embedded/5.4 2016q2/bin/../lib/gcc/arm-none-eabi/5.4.1/../../../../arm-none-eabi/lib/armv7-m\libc.a(lib_a-__call_atexit.o) (__libc_fini_array)
c:/program files (x86)/gnu tools arm embedded/5.4 2016q2/bin/../lib/gcc/arm-none-eabi/5.4.1/../../../../arm-none-eabi/lib/armv7-m\libc.a(lib_a-__atexit.o)
                              c:/program files (x86)/gnu tools arm embedded/5.4 2016q2/bin/../lib/gcc/arm-none-eabi/5.4.1/../../../../arm-none-eabi/lib/armv7-m\libc.a(lib_a-atexit.o) (__register_exitproc)
c:/program files (x86)/gnu tools arm embedded/5.4 2016q2/bin/../lib/gcc/arm-none-eabi/5.4.1/armv7-m\libgcc.a(_arm_addsubdf3.o)
                              ..\obj\instance_common.o (__aeabi_dsub)
c:/program files (x86)/gnu tools arm embedded/5.4 2016q2/bin/../lib/gcc/arm-none-eabi/5.4.1/armv7-m\libgcc.a(_arm_muldivdf3.o)
                              ..\obj\instance_common.o (__aeabi_dmul)
c:/program files (x86)/gnu tools arm embedded/5.4 2016q2/bin/../lib/gcc/arm-none-eabi/5.4.1/armv7-m\libgcc.a(_arm_cmpdf2.o)
                              ..\obj\instance_common.o (__aeabi_dcmplt)
c:/program files (x86)/gnu tools arm embedded/5.4 2016q2/bin/../lib/gcc/arm-none-eabi/5.4.1/armv7-m\libgcc.a(_arm_fixdfsi.o)
                              ..\obj\main.o (__aeabi_d2iz)
c:/program files (x86)/gnu tools arm embedded/5.4 2016q2/bin/../lib/gcc/arm-none-eabi/5.4.1/armv7-m\libgcc.a(_arm_fixunsdfsi.o)
                              ..\obj\instance_common.o (__aeabi_d2uiz)
c:/program files (x86)/gnu tools arm embedded/5.4 2016q2/bin/../lib/gcc/arm-none-eabi/5.4.1/armv7-m\libgcc.a(_arm_truncdfsf2.o)
                              ..\obj\instance_common.o (__aeabi_d2f)
c:/program files (x86)/gnu tools arm embedded/5.4 2016q2/bin/../lib/gcc/arm-none-eabi/5.4.1/armv7-m\libgcc.a(_arm_addsubsf3.o)
                              ..\obj\deca_range_tables.o (__aeabi_i2f)
c:/program files (x86)/gnu tools arm embedded/5.4 2016q2/bin/../lib/gcc/arm-none-eabi/5.4.1/armv7-m\libgcc.a(_fixdfdi.o)
                              ..\obj\instance.o (__aeabi_d2lz)
c:/program files (x86)/gnu tools arm embedded/5.4 2016q2/bin/../lib/gcc/arm-none-eabi/5.4.1/armv7-m\libgcc.a(_fixunsdfdi.o)
                              ..\obj\instance_common.o (__aeabi_d2ulz)
c:/program files (x86)/gnu tools arm embedded/5.4 2016q2/bin/../lib/gcc/arm-none-eabi/5.4.1/../../../../arm-none-eabi/lib/armv7-m\libc.a(lib_a-clock.o)
                              ..\obj\unistd.o (clock)
c:/program files (x86)/gnu tools arm embedded/5.4 2016q2/bin/../lib/gcc/arm-none-eabi/5.4.1/../../../../arm-none-eabi/lib/armv7-m\libc.a(lib_a-memcmp.o)
[...]
Memory Configuration

Name             Origin             Length             Attributes
FLASH            0x08000000         0x00040000         xr
RAM              0x20000000         0x00010000         xrw
MEMORY_B1        0x60000000         0x00000000         xr
*default*        0x00000000         0xffffffff

Linker script and memory map

LOAD c:/program files (x86)/gnu tools arm embedded/5.4 2016q2/bin/../lib/gcc/arm-none-eabi/5.4.1/armv7-m/crti.o
LOAD c:/program files (x86)/gnu tools arm embedded/5.4 2016q2/bin/../lib/gcc/arm-none-eabi/5.4.1/armv7-m/crtbegin.o
LOAD c:/program files (x86)/gnu tools arm embedded/5.4 2016q2/bin/../lib/gcc/arm-none-eabi/5.4.1/../../../../arm-none-eabi/lib/armv7-m/crt0.o
                0x20010000                _estack = 0x20010000
                0x00000400                _Min_Heap_Size = 0x400
                0x00000400                _Min_Stack_Size = 0x400

.isr_vector     0x08000000      0x1e4
                0x08000000                . = ALIGN (0x4)
 *(.isr_vector)
 .isr_vector    0x08000000      0x1e4 ..\obj\startup_stm32f10x_cl.o
                0x08000000                g_pfnVectors
                0x080001e4                . = ALIGN (0x4)

.text           0x080001e8    0x109fc
                0x080001e8                . = ALIGN (0x4)
 *(.text)
 .text          0x080001e8       0x5c c:/program files (x86)/gnu tools arm embedded/5.4 2016q2/bin/../lib/gcc/arm-none-eabi/5.4.1/armv7-m/crtbegin.o
 .text          0x08000244      0x370 c:/program files (x86)/gnu tools arm embedded/5.4 2016q2/bin/../lib/gcc/arm-none-eabi/5.4.1/armv7-m\libgcc.a(_arm_addsubdf3.o)
                0x08000244                __aeabi_drsub
                0x0800024c                __aeabi_dsub
                0x0800024c                __subdf3
                0x08000250                __aeabi_dadd
                0x08000250                __adddf3
                0x080004c8                __floatunsidf
                0x080004c8                __aeabi_ui2d
                0x080004e8                __floatsidf
                0x080004e8                __aeabi_i2d
                0x0800050c                __aeabi_f2d
                0x0800050c                __extendsfdf2
                0x08000548                __floatundidf
                0x08000548                __aeabi_ul2d
                0x08000558                __floatdidf
                0x08000558                __aeabi_l2d
 .text          0x080005b4      0x424 c:/program files (x86)/gnu tools arm embedded/5.4 2016q2/bin/../lib/gcc/arm-none-eabi/5.4.1/armv7-m\libgcc.a(_arm_muldivdf3.o)
                0x080005b4                __aeabi_dmul
                0x080005b4                __muldf3
                0x08000808                __divdf3
                0x08000808                __aeabi_ddiv
 .text          0x080009d8      0x110 c:/program files (x86)/gnu tools arm embedded/5.4 2016q2/bin/../lib/gcc/arm-none-eabi/5.4.1/armv7-m\libgcc.a(_arm_cmpdf2.o)
                0x080009d8                __gtdf2
                0x080009d8                __gedf2
                0x080009e0                __ltdf2
                0x080009e0                __ledf2
                0x080009e8                __nedf2
                0x080009e8                __eqdf2
                0x080009e8                __cmpdf2
                0x08000a64                __aeabi_cdrcmple
                0x08000a74                __aeabi_cdcmpeq
                0x08000a74                __aeabi_cdcmple
                0x08000a84                __aeabi_dcmpeq
                0x08000a98                __aeabi_dcmplt
                0x08000aac                __aeabi_dcmple
                0x08000ac0                __aeabi_dcmpge
                0x08000ad4                __aeabi_dcmpgt
 .text          0x08000ae8       0x50 c:/program files (x86)/gnu tools arm embedded/5.4 2016q2/bin/../lib/gcc/arm-none-eabi/5.4.1/armv7-m\libgcc.a(_arm_fixdfsi.o)
                0x08000ae8                __aeabi_d2iz
                0x08000ae8                __fixdfsi
 .text          0x08000b38       0x40 c:/program files (x86)/gnu tools arm embedded/5.4 2016q2/bin/../lib/gcc/arm-none-eabi/5.4.1/armv7-m\libgcc.a(_arm_fixunsdfsi.o)
                0x08000b38                __aeabi_d2uiz
                0x08000b38                __fixunsdfsi
 .text          0x08000b78       0xa0 c:/program files (x86)/gnu tools arm embedded/5.4 2016q2/bin/../lib/gcc/arm-none-eabi/5.4.1/armv7-m\libgcc.a(_arm_truncdfsf2.o)
                0x08000b78                __truncdfsf2
                0x08000b78                __aeabi_d2f
 .text          0x08000c18      0x21c c:/program files (x86)/gnu tools arm embedded/5.4 2016q2/bin/../lib/gcc/arm-none-eabi/5.4.1/armv7-m\libgcc.a(_arm_addsubsf3.o)
                0x08000c18                __aeabi_frsub
                0x08000c20                __subsf3
                0x08000c20                __aeabi_fsub
                0x08000c24                __aeabi_fadd
                0x08000c24                __addsf3
                0x08000d84                __aeabi_ui2f
                0x08000d84                __floatunsisf
                0x08000d8c                __aeabi_i2f
                0x08000d8c                __floatsisf
                0x08000da8                __aeabi_ul2f
                0x08000da8                __floatundisf
                0x08000db8                __aeabi_l2f
                0x08000db8                __floatdisf
 .text          0x08000e34       0x30 c:/program files (x86)/gnu tools arm embedded/5.4 2016q2/bin/../lib/gcc/arm-none-eabi/5.4.1/armv7-m\libgcc.a(_fixdfdi.o)
                0x08000e34                __fixdfdi
                0x08000e34                __aeabi_d2lz
 .text          0x08000e64       0x48 c:/program files (x86)/gnu tools arm embedded/5.4 2016q2/bin/../lib/gcc/arm-none-eabi/5.4.1/armv7-m\libgcc.a(_fixunsdfdi.o)
                0x08000e64                __fixunsdfdi
                0x08000e64                __aeabi_d2ulz
 .text          0x08000eac       0xec c:/program files (x86)/gnu tools arm embedded/5.4 2016q2/bin/../lib/gcc/arm-none-eabi/5.4.1/../../../../arm-none-eabi/lib/armv7-m\libc.a(lib_a-memcpy.o)
                0x08000eac                memcpy
 .text          0x08000f98       0x2c c:/program files (x86)/gnu tools arm embedded/5.4 2016q2/bin/../lib/gcc/arm-none-eabi/5.4.1/armv7-m\libgcc.a(_arm_unorddf2.o)
                0x08000f98                __unorddf2
                0x08000f98                __aeabi_dcmpun
 .text          0x08000fc4       0x30 c:/program files (x86)/gnu tools arm embedded/5.4 2016q2/bin/../lib/gcc/arm-none-eabi/5.4.1/armv7-m\libgcc.a(_aeabi_uldivmod.o)
                0x08000fc4                __aeabi_uldivmod
 .text          0x08000ff4      0x2ec c:/program files (x86)/gnu tools arm embedded/5.4 2016q2/bin/../lib/gcc/arm-none-eabi/5.4.1/armv7-m\libgcc.a(_udivmoddi4.o)
                0x08000ff4                __udivmoddi4
 .text          0x080012e0        0x4 c:/program files (x86)/gnu tools arm embedded/5.4 2016q2/bin/../lib/gcc/arm-none-eabi/5.4.1/armv7-m\libgcc.a(_dvmd_tls.o)
                0x080012e0                __aeabi_idiv0
                0x080012e0                __aeabi_ldiv0
 *(.text*)
 .text.__libc_init_array
                0x080012e4       0x50 c:/program files (x86)/gnu tools arm embedded/5.4 2016q2/bin/../lib/gcc/arm-none-eabi/5.4.1/../../../../arm-none-eabi/lib/armv7-m\libc.a(lib_a-init.o)
                0x080012e4                __libc_init_array
 .text.memset   0x08001334       0x9c c:/program files (x86)/gnu tools arm embedded/5.4 2016q2/bin/../lib/gcc/arm-none-eabi/5.4.1/../../../../arm-none-eabi/lib/armv7-m\libc.a(lib_a-memset.o)
                0x08001334                memset
 .text.startup.register_fini
                0x080013d0       0x14 c:/program files (x86)/gnu tools arm embedded/5.4 2016q2/bin/../lib/gcc/arm-none-eabi/5.4.1/../../../../arm-none-eabi/lib/armv7-m\libc.a(lib_a-__call_atexit.o)
 .text.atexit   0x080013e4        0xc c:/program files (x86)/gnu tools arm embedded/5.4 2016q2/bin/../lib/gcc/arm-none-eabi/5.4.1/../../../../arm-none-eabi/lib/armv7-m\libc.a(lib_a-atexit.o)
                0x080013e4                atexit
 .text.__libc_fini_array
                0x080013f0       0x28 c:/program files (x86)/gnu tools arm embedded/5.4 2016q2/bin/../lib/gcc/arm-none-eabi/5.4.1/../../../../arm-none-eabi/lib/armv7-m\libc.a(lib_a-fini.o)
                0x080013f0                __libc_fini_array
 .text.__register_exitproc
                0x08001418       0xa4 c:/program files (x86)/gnu tools arm embedded/5.4 2016q2/bin/../lib/gcc/arm-none-eabi/5.4.1/../../../../arm-none-eabi/lib/armv7-m\libc.a(lib_a-__atexit.o)
                0x08001418                __register_exitproc
 .text.RTC_WaitForLastTask
                0x080014bc       0x20 ..\obj\stm32f10x_rtc.o
                0x080014bc                RTC_WaitForLastTask
 .text.RTC_GetITStatus
                0x080014dc       0x50 ..\obj\stm32f10x_rtc.o
                0x080014dc                RTC_GetITStatus
 .text.RTC_ClearITPendingBit
                0x0800152c       0x2c ..\obj\stm32f10x_rtc.o
                0x0800152c                RTC_ClearITPendingBit
 .text.USB_OTG_EnableCommonInt
                0x08001558       0x44 ..\obj\usb_core.o
 .text.USB_OTG_CoreReset
                0x0800159c       0x90 ..\obj\usb_core.o
 .text.USB_OTG_WritePacket
                0x0800162c       0x74 ..\obj\usb_core.o
                0x0800162c                USB_OTG_WritePacket
 .text.USB_OTG_ReadPacket
                0x080016a0       0x58 ..\obj\usb_core.o
                0x080016a0                USB_OTG_ReadPacket
 .text.USB_OTG_SelectCore
                0x080016f8      0x174 ..\obj\usb_core.o
                0x080016f8                USB_OTG_SelectCore
 .text.USB_OTG_CoreInit
                0x0800186c      0x13c ..\obj\usb_core.o
                0x0800186c                USB_OTG_CoreInit
 .text.USB_OTG_EnableGlobalInt
                0x080019a8       0x34 ..\obj\usb_core.o
                0x080019a8                USB_OTG_EnableGlobalInt
 .text.USB_OTG_DisableGlobalInt
                0x080019dc       0x38 ..\obj\usb_core.o
                0x080019dc                USB_OTG_DisableGlobalInt
 .text.USB_OTG_FlushTxFifo
                0x08001a14       0x74 ..\obj\usb_core.o
                0x08001a14                USB_OTG_FlushTxFifo
 .text.USB_OTG_FlushRxFifo
                0x08001a88       0x60 ..\obj\usb_core.o
                0x08001a88                USB_OTG_FlushRxFifo
 .text.USB_OTG_SetCurrentMode
                0x08001ae8       0x60 ..\obj\usb_core.o
                0x08001ae8                USB_OTG_SetCurrentMode
 .text.USB_OTG_GetMode
                0x08001b48       0x1c ..\obj\usb_core.o
                0x08001b48                USB_OTG_GetMode
 .text.USB_OTG_IsDeviceMode
                0x08001b64       0x24 ..\obj\usb_core.o
                0x08001b64                USB_OTG_IsDeviceMode
 .text.USB_OTG_ReadCoreItr
                0x08001b88       0x2c ..\obj\usb_core.o
                0x08001b88                USB_OTG_ReadCoreItr
 .text.USB_OTG_InitDevSpeed
                0x08001bb4       0x38 ..\obj\usb_core.o
                0x08001bb4                USB_OTG_InitDevSpeed
 .text.USB_OTG_CoreInitDev
                0x08001bec      0x264 ..\obj\usb_core.o
                0x08001bec                USB_OTG_CoreInitDev
 .text.USB_OTG_EnableDevInt
                0x08001e50       0x98 ..\obj\usb_core.o
                0x08001e50                USB_OTG_EnableDevInt
 .text.USB_OTG_GetDeviceSpeed
                0x08001ee8       0x48 ..\obj\usb_core.o
                0x08001ee8                USB_OTG_GetDeviceSpeed
 .text.USB_OTG_EP0Activate
                0x08001f30       0x74 ..\obj\usb_core.o
                0x08001f30                USB_OTG_EP0Activate
 .text.USB_OTG_EPActivate
                0x08001fa4       0xdc ..\obj\usb_core.o
                0x08001fa4                USB_OTG_EPActivate
 .text.USB_OTG_EPDeactivate
                0x08002080       0x88 ..\obj\usb_core.o
                0x08002080                USB_OTG_EPDeactivate
 .text.USB_OTG_EPStartXfer
                0x08002108      0x280 ..\obj\usb_core.o
                0x08002108                USB_OTG_EPStartXfer
 .text.USB_OTG_EP0StartXfer
                0x08002388      0x1d4 ..\obj\usb_core.o
                0x08002388                USB_OTG_EP0StartXfer
 .text.USB_OTG_EPSetStall
                0x0800255c       0x84 ..\obj\usb_core.o
                0x0800255c                USB_OTG_EPSetStall
 .text.USB_OTG_EPClearStall
                0x080025e0       0x74 ..\obj\usb_core.o
                0x080025e0                USB_OTG_EPClearStall
 .text.USB_OTG_ReadDevAllOutEp_itr
                0x08002654       0x2c ..\obj\usb_core.o
                0x08002654                USB_OTG_ReadDevAllOutEp_itr
 .text.USB_OTG_ReadDevOutEP_itr
                0x08002680       0x34 ..\obj\usb_core.o
                0x08002680                USB_OTG_ReadDevOutEP_itr
 .text.USB_OTG_ReadDevAllInEPItr
                0x080026b4       0x2c ..\obj\usb_core.o
                0x080026b4                USB_OTG_ReadDevAllInEPItr
 .text.USB_OTG_EP0_OutStart
                0x080026e0       0x70 ..\obj\usb_core.o
                0x080026e0                USB_OTG_EP0_OutStart
 .text.USB_OTG_UngateClock
                0x08002750       0x54 ..\obj\usb_core.o
                0x08002750                USB_OTG_UngateClock
 *fill*         0x080027a4        0x4 
 .text.convertmicrosectodevicetimeu
                0x080027a8       0x60 ..\obj\instance_common.o
                0x080027a8                convertmicrosectodevicetimeu
 .text.convertdevicetimetosec
                0x08002808       0x48 ..\obj\instance_common.o
                0x08002808                convertdevicetimetosec
 .text.reportTOF
                0x08002850      0x2b8 ..\obj\instance_common.o
                0x08002850                reportTOF
 .text.instaddtagtolist
                0x08002b08       0x9c ..\obj\instance_common.o
                0x08002b08                instaddtagtolist
 .text.instcleartaglist
                0x08002ba4       0x7c ..\obj\instance_common.o
                0x08002ba4                instcleartaglist
 .text.instancesetrole
                0x08002c20       0x20 ..\obj\instance_common.o
                0x08002c20                instancesetrole
 .text.instancenewrange
                0x08002c40       0x28 ..\obj\instance_common.o
                0x08002c40                instancenewrange
 .text.instancenewrangeancadd
                0x08002c68       0x18 ..\obj\instance_common.o
                0x08002c68                instancenewrangeancadd
 .text.instancenewrangetagadd
                0x08002c80       0x18 ..\obj\instance_common.o
                0x08002c80                instancenewrangetagadd
 .text.instanceanchorwaiting
                0x08002c98       0x18 ..\obj\instance_common.o
                0x08002c98                instanceanchorwaiting
 .text.instancesleeping
                0x08002cb0       0x28 ..\obj\instance_common.o
                0x08002cb0                instancesleeping
 .text.instanceclearcounts
                0x08002cd8      0x158 ..\obj\instance_common.o
                0x08002cd8                instanceclearcounts
 .text.instance_init
                0x08002e30      0x190 ..\obj\instance_common.o
                0x08002e30                instance_init
 .text.instancereaddeviceid
                0x08002fc0       0x10 ..\obj\instance_common.o
                0x08002fc0                instancereaddeviceid
 .text.instance_config
                0x08002fd0      0x35c ..\obj\instance_common.o
                0x08002fd0                instance_config
 .text.instancesettagsleepdelay
                0x0800332c       0x44 ..\obj\instance_common.o
                0x0800332c                instancesettagsleepdelay
 .text.instance_get_lcount
                0x08003370       0x20 ..\obj\instance_common.o
                0x08003370                instance_get_lcount
 .text.instance_get_idist
                0x08003390       0x24 ..\obj\instance_common.o
                0x08003390                instance_get_idist
 .text.instance_get_idistraw
                0x080033b4       0x24 ..\obj\instance_common.o
                0x080033b4                instance_get_idistraw
 .text.instance_get_adist
                0x080033d8       0x24 ..\obj\instance_common.o
                0x080033d8                instance_get_adist
 .text.inst_processrxtimeout
                0x080033fc       0x78 ..\obj\instance_common.o
                0x080033fc                inst_processrxtimeout
 .text.instance_txcallback
                0x08003474      0x164 ..\obj\instance_common.o
                0x08003474                instance_txcallback
 .text.instance_rxcallback
                0x080035d8      0x4f8 ..\obj\instance_common.o
                0x080035d8                instance_rxcallback
 .text.instance_peekevent
                0x08003ad0       0x4c ..\obj\instance_common.o
                0x08003ad0                instance_peekevent
 .text.instance_putevent
                0x08003b1c       0xfc ..\obj\instance_common.o
                0x08003b1c                instance_putevent
 .text.instance_getevent
                0x08003c18      0x228 ..\obj\instance_common.o
                0x08003c18                instance_getevent
 .text.instance_clearevents
                0x08003e40       0x94 ..\obj\instance_common.o
                0x08003e40                instance_clearevents
 .text.instance_setapprun
                0x08003ed4       0x24 ..\obj\instance_common.o
                0x08003ed4                instance_setapprun
 .text.instance_run
                0x08003ef8      0x208 ..\obj\instance_common.o
                0x08003ef8                instance_run
 .text.instance_notify_DW1000_inIDLE
                0x08004100       0x20 ..\obj\instance_common.o
                0x08004100                instance_notify_DW1000_inIDLE
 .text.instanceconfigantennadelays
                0x08004120       0x34 ..\obj\instance_common.o
                0x08004120                instanceconfigantennadelays
 .text.instancesetantennadelays
                0x08004154       0x34 ..\obj\instance_common.o
                0x08004154                instancesetantennadelays
 .text.instancetxantdly
                0x08004188       0x14 ..\obj\instance_common.o
                0x08004188                instancetxantdly
 .text.instancerxantdly
                0x0800419c       0x14 ..\obj\instance_common.o
                0x0800419c                instancerxantdly
 .text.usleep   0x080041b0       0x3c ..\obj\unistd.o
                0x080041b0                usleep
 .text.__get_MSP
                0x080041ec       0x10 ..\obj\core_cm3.o
                0x080041ec                __get_MSP
 .text.USBD_USR_Init
                0x080041fc        0xc ..\obj\usbd_usr.o
                0x080041fc                USBD_USR_Init
 .text.USBD_USR_DeviceReset
                0x08004208       0x20 ..\obj\usbd_usr.o
                0x08004208                USBD_USR_DeviceReset
 .text.USBD_USR_DeviceConfigured
                0x08004228        0xc ..\obj\usbd_usr.o
                0x08004228                USBD_USR_DeviceConfigured
 .text.USBD_USR_DeviceSuspended
                0x08004234        0xc ..\obj\usbd_usr.o
                0x08004234                USBD_USR_DeviceSuspended
 .text.USBD_USR_DeviceResumed
                0x08004240        0xc ..\obj\usbd_usr.o
                0x08004240                USBD_USR_DeviceResumed
 .text.USBD_USR_DeviceConnected
                0x0800424c        0xc ..\obj\usbd_usr.o
                0x0800424c                USBD_USR_DeviceConnected
 .text.USBD_USR_DeviceDisconnected
                0x08004258        0xc ..\obj\usbd_usr.o
                0x08004258                USBD_USR_DeviceDisconnected
 .text.USB_OTG_BSP_Init
                0x08004264       0x6c ..\obj\deca_usb_bsp_evk1000.o
                0x08004264                USB_OTG_BSP_Init
 .text.USB_OTG_BSP_EnableInterrupt
                0x080042d0       0x34 ..\obj\deca_usb_bsp_evk1000.o
                0x080042d0                USB_OTG_BSP_EnableInterrupt
 .text.USB_OTG_BSP_uDelay
                0x08004304       0x48 ..\obj\deca_usb_bsp_evk1000.o
                0x08004304                USB_OTG_BSP_uDelay
 .text.USB_OTG_BSP_mDelay
                0x0800434c       0x20 ..\obj\deca_usb_bsp_evk1000.o
                0x0800434c                USB_OTG_BSP_mDelay
 .text.SystemInit
                0x0800436c       0x7c ..\obj\system_stm32f10x.o
                0x0800436c                SystemInit
 .text.SetSysClock
                0x080043e8        0xc ..\obj\system_stm32f10x.o
 .text.SetSysClockTo72
                0x080043f4      0x138 ..\obj\system_stm32f10x.o
 .text.dwt_initialise
                0x0800452c      0x20c ..\obj\deca_device.o
                0x0800452c                dwt_initialise
 .text.dwt_getldotune
                0x08004738       0x14 ..\obj\deca_device.o
                0x08004738                dwt_getldotune
 .text.dwt_getpartid
                0x0800474c       0x14 ..\obj\deca_device.o
                0x0800474c                dwt_getpartid
 .text.dwt_getlotid
                0x08004760       0x14 ..\obj\deca_device.o
                0x08004760                dwt_getlotid
 .text.dwt_readdevid
                0x08004774       0x14 ..\obj\deca_device.o
                0x08004774                dwt_readdevid
 .text.dwt_configuretxrf
                0x08004788       0x2c ..\obj\deca_device.o
                0x08004788                dwt_configuretxrf
 .text.dwt_getotptxpower
                0x080047b4       0x3c ..\obj\deca_device.o
                0x080047b4                dwt_getotptxpower
 .text.dwt_configure
                0x080047f0      0x33c ..\obj\deca_device.o
                0x080047f0                dwt_configure
 .text.dwt_setrxantennadelay
                0x08004b2c       0x2c ..\obj\deca_device.o
                0x08004b2c                dwt_setrxantennadelay
 .text.dwt_settxantennadelay
                0x08004b58       0x2c ..\obj\deca_device.o
                0x08004b58                dwt_settxantennadelay
 .text.dwt_readantennadelay
                0x08004b84       0x28 ..\obj\deca_device.o
                0x08004b84                dwt_readantennadelay
 .text.dwt_writetxdata
                0x08004bac       0x20 ..\obj\deca_device.o
                0x08004bac                dwt_writetxdata
 .text.dwt_writetxfctrl
                0x08004bcc       0x1c ..\obj\deca_device.o
                0x08004bcc                dwt_writetxfctrl
 .text.dwt_readrxdata
                0x08004be8       0x14 ..\obj\deca_device.o
                0x08004be8                dwt_readrxdata
 .text.dwt_readtxtimestamp
                0x08004bfc        0xc ..\obj\deca_device.o
                0x08004bfc                dwt_readtxtimestamp
 .text.dwt_readrxtimestamp
                0x08004c08        0xc ..\obj\deca_device.o
                0x08004c08                dwt_readrxtimestamp
 .text.dwt_writetodevice
                0x08004c14       0x58 ..\obj\deca_device.o
                0x08004c14                dwt_writetodevice
 .text.dwt_readfromdevice
                0x08004c6c       0x54 ..\obj\deca_device.o
                0x08004c6c                dwt_readfromdevice
 .text.dwt_read32bitoffsetreg
                0x08004cc0       0x44 ..\obj\deca_device.o
                0x08004cc0                dwt_read32bitoffsetreg
 .text.dwt_read16bitoffsetreg
                0x08004d04       0x30 ..\obj\deca_device.o
                0x08004d04                dwt_read16bitoffsetreg
 .text.dwt_write16bitoffsetreg
                0x08004d34       0x20 ..\obj\deca_device.o
                0x08004d34                dwt_write16bitoffsetreg
 .text.dwt_write32bitoffsetreg
                0x08004d54       0x30 ..\obj\deca_device.o
                0x08004d54                dwt_write32bitoffsetreg
 .text.dwt_enableframefilter
                0x08004d84       0x40 ..\obj\deca_device.o
                0x08004d84                dwt_enableframefilter
 .text.dwt_setpanid
                0x08004dc4        0xc ..\obj\deca_device.o
                0x08004dc4                dwt_setpanid
 .text.dwt_seteui
                0x08004dd0        0xc ..\obj\deca_device.o
                0x08004dd0                dwt_seteui
 .text.dwt_geteui
                0x08004ddc        0xc ..\obj\deca_device.o
                0x08004ddc                dwt_geteui
 .text._dwt_otpread
                0x08004de8       0x4c ..\obj\deca_device.o
                0x08004de8                _dwt_otpread
 .text._dwt_aonarrayupload
                0x08004e34       0x30 ..\obj\deca_device.o
                0x08004e34                _dwt_aonarrayupload
 .text.dwt_entersleep
                0x08004e64        0x4 ..\obj\deca_device.o
                0x08004e64                dwt_entersleep
 .text.dwt_configuresleep
                0x08004e68       0x24 ..\obj\deca_device.o
                0x08004e68                dwt_configuresleep
 .text.dwt_entersleepaftertx
                0x08004e8c       0x30 ..\obj\deca_device.o
                0x08004e8c                dwt_entersleepaftertx
 .text._dwt_configlde
                0x08004ebc       0x40 ..\obj\deca_device.o
                0x08004ebc                _dwt_configlde
 .text._dwt_loaducodefromrom
                0x08004efc       0x3c ..\obj\deca_device.o
                0x08004efc                _dwt_loaducodefromrom
 .text.dwt_loadopsettabfromotp
                0x08004f38       0x38 ..\obj\deca_device.o
                0x08004f38                dwt_loadopsettabfromotp
 .text.dwt_setrxaftertxdelay
                0x08004f70       0x24 ..\obj\deca_device.o
                0x08004f70                dwt_setrxaftertxdelay
 .text.dwt_setcallbacks
                0x08004f94        0xc ..\obj\deca_device.o
                0x08004f94                dwt_setcallbacks
 .text.dwt_isr  0x08004fa0      0x2b0 ..\obj\deca_device.o
                0x08004fa0                dwt_isr
 .text.dwt_setleds
                0x08005250       0xc4 ..\obj\deca_device.o
                0x08005250                dwt_setleds
 .text._dwt_enableclocks
                0x08005314       0xe4 ..\obj\deca_device.o
                0x08005314                _dwt_enableclocks
 .text._dwt_disablesequencing
                0x080053f8       0x18 ..\obj\deca_device.o
                0x080053f8                _dwt_disablesequencing
 .text.dwt_setdelayedtrxtime
                0x08005410        0xc ..\obj\deca_device.o
                0x08005410                dwt_setdelayedtrxtime
 .text.dwt_starttx
                0x0800541c       0xa8 ..\obj\deca_device.o
                0x0800541c                dwt_starttx
 .text.dwt_checkoverrun
                0x080054c4       0x10 ..\obj\deca_device.o
                0x080054c4                dwt_checkoverrun
 .text.dwt_forcetrxoff
                0x080054d4       0x64 ..\obj\deca_device.o
                0x080054d4                dwt_forcetrxoff
 .text.dwt_syncrxbufptrs
                0x08005538       0x34 ..\obj\deca_device.o
                0x08005538                dwt_syncrxbufptrs
 .text.dwt_rxenable
                0x0800556c       0x68 ..\obj\deca_device.o
                0x0800556c                dwt_rxenable
 .text.dwt_setrxtimeout
                0x080055d4       0x64 ..\obj\deca_device.o
                0x080055d4                dwt_setrxtimeout
 .text.dwt_setinterrupt
                0x08005638       0x34 ..\obj\deca_device.o
                0x08005638                dwt_setinterrupt
 .text.dwt_configeventcounters
                0x0800566c       0x34 ..\obj\deca_device.o
                0x0800566c                dwt_configeventcounters
 .text.dwt_rxreset
                0x080056a0       0x30 ..\obj\deca_device.o
                0x080056a0                dwt_rxreset
 .text.dwt_softreset
                0x080056d0       0x7c ..\obj\deca_device.o
                0x080056d0                dwt_softreset
 .text.dwt_xtaltrim
                0x0800574c       0x38 ..\obj\deca_device.o
                0x0800574c                dwt_xtaltrim
 .text.writetospi_serial
                0x08005784       0x74 ..\obj\deca_spi.o
                0x08005784                writetospi_serial
 .text.readfromspi_serial
                0x080057f8       0x78 ..\obj\deca_spi.o
                0x080057f8                readfromspi_serial
 .text.writetoLCD
                0x08005870       0xdc ..\obj\deca_spi.o
                0x08005870                writetoLCD
 .text.GPIO_Init
                0x0800594c      0x178 ..\obj\stm32f10x_gpio.o
                0x0800594c                GPIO_Init
 .text.GPIO_ReadInputDataBit
                0x08005ac4       0x34 ..\obj\stm32f10x_gpio.o
                0x08005ac4                GPIO_ReadInputDataBit
 .text.GPIO_SetBits
                0x08005af8       0x1c ..\obj\stm32f10x_gpio.o
                0x08005af8                GPIO_SetBits
 .text.GPIO_ResetBits
                0x08005b14       0x1c ..\obj\stm32f10x_gpio.o
                0x08005b14                GPIO_ResetBits
 .text.GPIO_PinRemapConfig
                0x08005b30       0xe0 ..\obj\stm32f10x_gpio.o
                0x08005b30                GPIO_PinRemapConfig
 .text.GPIO_EXTILineConfig
                0x08005c10       0x84 ..\obj\stm32f10x_gpio.o
                0x08005c10                GPIO_EXTILineConfig
 .text.USBD_Init
                0x08005c94       0x90 ..\obj\usbd_core.o
                0x08005c94                USBD_Init
 .text.USBD_DeInit
                0x08005d24       0x14 ..\obj\usbd_core.o
                0x08005d24                USBD_DeInit
 .text.USBD_SetupStage
                0x08005d38       0x6c ..\obj\usbd_core.o
 .text.USBD_DataOutStage
                0x08005da4       0xcc ..\obj\usbd_core.o
 .text.USBD_DataInStage
                0x08005e70      0x11c ..\obj\usbd_core.o
 .text.USBD_RunTestMode
                0x08005f8c       0x24 ..\obj\usbd_core.o
 .text.USBD_Reset
                0x08005fb0       0x44 ..\obj\usbd_core.o
 .text.USBD_Resume
                0x08005ff4       0x30 ..\obj\usbd_core.o
 .text.USBD_Suspend
                0x08006024       0x30 ..\obj\usbd_core.o
 .text.USBD_SOF
                0x08006054       0x2c ..\obj\usbd_core.o
 .text.USBD_SetCfg
                0x08006080       0x30 ..\obj\usbd_core.o
                0x08006080                USBD_SetCfg
 .text.USBD_ClrCfg
                0x080060b0       0x28 ..\obj\usbd_core.o
                0x080060b0                USBD_ClrCfg
 .text.USBD_IsoINIncomplete
                0x080060d8       0x20 ..\obj\usbd_core.o
 .text.USBD_IsoOUTIncomplete
                0x080060f8       0x20 ..\obj\usbd_core.o
 .text.NVIC_EnableIRQ
                0x08006118       0x30 ..\obj\main.o
 .text.NVIC_DisableIRQ
                0x08006148       0x34 ..\obj\main.o
 .text.decarangingmode
                0x0800617c       0x48 ..\obj\main.o
                0x0800617c                decarangingmode
 .text.inittestapplication
                0x080061c4      0x1b4 ..\obj\main.o
                0x080061c4                inittestapplication
 .text.process_dwRSTn_irq
                0x08006378       0x10 ..\obj\main.o
                0x08006378                process_dwRSTn_irq
 .text.process_deca_irq
                0x08006388       0x20 ..\obj\main.o
                0x08006388                process_deca_irq
 .text.initLCD  0x080063a8       0x68 ..\obj\main.o
                0x080063a8                initLCD
 .text.test_application_run
                0x08006410      0x210 ..\obj\main.o
                0x08006410                test_application_run
 .text.setLCDline1
                0x08006620       0x6c ..\obj\main.o
                0x08006620                setLCDline1
 .text.main     0x0800668c      0x814 ..\obj\main.o
                0x0800668c                main
 .text.RCC_DeInit
                0x08006ea0       0x70 ..\obj\stm32f10x_rcc.o
                0x08006ea0                RCC_DeInit
 .text.RCC_HSEConfig
                0x08006f10       0x5c ..\obj\stm32f10x_rcc.o
                0x08006f10                RCC_HSEConfig
 .text.RCC_WaitForHSEStartUp
                0x08006f6c       0x50 ..\obj\stm32f10x_rcc.o
                0x08006f6c                RCC_WaitForHSEStartUp
 .text.RCC_PLLConfig
                0x08006fbc       0x3c ..\obj\stm32f10x_rcc.o
                0x08006fbc                RCC_PLLConfig
 .text.RCC_PLLCmd
                0x08006ff8       0x20 ..\obj\stm32f10x_rcc.o
                0x08006ff8                RCC_PLLCmd
 .text.RCC_PREDIV1Config
                0x08007018       0x40 ..\obj\stm32f10x_rcc.o
                0x08007018                RCC_PREDIV1Config
 .text.RCC_PREDIV2Config
                0x08007058       0x38 ..\obj\stm32f10x_rcc.o
                0x08007058                RCC_PREDIV2Config
 .text.RCC_PLL2Config
                0x08007090       0x38 ..\obj\stm32f10x_rcc.o
                0x08007090                RCC_PLL2Config
 .text.RCC_PLL2Cmd
                0x080070c8       0x20 ..\obj\stm32f10x_rcc.o
                0x080070c8                RCC_PLL2Cmd
 .text.RCC_SYSCLKConfig
                0x080070e8       0x38 ..\obj\stm32f10x_rcc.o
                0x080070e8                RCC_SYSCLKConfig
 .text.RCC_GetSYSCLKSource
                0x08007120       0x1c ..\obj\stm32f10x_rcc.o
                0x08007120                RCC_GetSYSCLKSource
 .text.RCC_HCLKConfig
                0x0800713c       0x38 ..\obj\stm32f10x_rcc.o
                0x0800713c                RCC_HCLKConfig
 .text.RCC_PCLK1Config
                0x08007174       0x38 ..\obj\stm32f10x_rcc.o
                0x08007174                RCC_PCLK1Config
 .text.RCC_PCLK2Config
                0x080071ac       0x38 ..\obj\stm32f10x_rcc.o
                0x080071ac                RCC_PCLK2Config
 .text.RCC_ADCCLKConfig
                0x080071e4       0x38 ..\obj\stm32f10x_rcc.o
                0x080071e4                RCC_ADCCLKConfig
 .text.RCC_GetClocksFreq
                0x0800721c      0x1c8 ..\obj\stm32f10x_rcc.o
                0x0800721c                RCC_GetClocksFreq
 .text.RCC_AHBPeriphClockCmd
                0x080073e4       0x3c ..\obj\stm32f10x_rcc.o
                0x080073e4                RCC_AHBPeriphClockCmd
 .text.RCC_APB2PeriphClockCmd
                0x08007420       0x3c ..\obj\stm32f10x_rcc.o
                0x08007420                RCC_APB2PeriphClockCmd
 .text.RCC_APB1PeriphClockCmd
                0x0800745c       0x3c ..\obj\stm32f10x_rcc.o
                0x0800745c                RCC_APB1PeriphClockCmd
 .text.RCC_APB2PeriphResetCmd
                0x08007498       0x3c ..\obj\stm32f10x_rcc.o
                0x08007498                RCC_APB2PeriphResetCmd
 .text.RCC_APB1PeriphResetCmd
                0x080074d4       0x3c ..\obj\stm32f10x_rcc.o
                0x080074d4                RCC_APB1PeriphResetCmd
 .text.RCC_GetFlagStatus
                0x08007510       0x74 ..\obj\stm32f10x_rcc.o
                0x08007510                RCC_GetFlagStatus
 .text.Reset_Handler
                0x08007584       0x48 ..\obj\startup_stm32f10x_cl.o
                0x08007584                Reset_Handler
 .text.Default_Handler
                0x080075cc        0x2 ..\obj\startup_stm32f10x_cl.o
                0x080075cc                EXTI2_IRQHandler
                0x080075cc                TIM1_CC_IRQHandler
                0x080075cc                TIM6_IRQHandler
                0x080075cc                PVD_IRQHandler
                0x080075cc                CAN2_RX1_IRQHandler
                0x080075cc                I2C2_EV_IRQHandler
                0x080075cc                CAN1_RX0_IRQHandler
                0x080075cc                CAN2_SCE_IRQHandler
                0x080075cc                ADC1_2_IRQHandler
                0x080075cc                SPI1_IRQHandler
                0x080075cc                TAMPER_IRQHandler
                0x080075cc                CAN2_RX0_IRQHandler
                0x080075cc                DMA2_Channel2_IRQHandler
                0x080075cc                DMA1_Channel4_IRQHandler
                0x080075cc                USART3_IRQHandler
                0x080075cc                DMA1_Channel7_IRQHandler
                0x080075cc                CAN1_RX1_IRQHandler
                0x080075cc                UART5_IRQHandler
                0x080075cc                TIM4_IRQHandler
                0x080075cc                DMA2_Channel1_IRQHandler
                0x080075cc                I2C1_EV_IRQHandler
                0x080075cc                DMA1_Channel6_IRQHandler
                0x080075cc                UART4_IRQHandler
                0x080075cc                DMA2_Channel4_IRQHandler
                0x080075cc                TIM3_IRQHandler
                0x080075cc                RCC_IRQHandler
                0x080075cc                TIM1_TRG_COM_IRQHandler
                0x080075cc                DMA1_Channel1_IRQHandler
                0x080075cc                Default_Handler
                0x080075cc                TIM7_IRQHandler
                0x080075cc                CAN2_TX_IRQHandler
                0x080075cc                TIM5_IRQHandler
                0x080075cc                ETH_WKUP_IRQHandler
                0x080075cc                SPI2_IRQHandler
                0x080075cc                CAN1_TX_IRQHandler
                0x080075cc                DMA2_Channel5_IRQHandler
                0x080075cc                DMA1_Channel5_IRQHandler
                0x080075cc                EXTI4_IRQHandler
                0x080075cc                DMA1_Channel3_IRQHandler
                0x080075cc                ETH_IRQHandler
                0x080075cc                TIM1_UP_IRQHandler
                0x080075cc                WWDG_IRQHandler
                0x080075cc                TIM2_IRQHandler
                0x080075cc                TIM1_BRK_IRQHandler
                0x080075cc                EXTI1_IRQHandler
                0x080075cc                RTCAlarm_IRQHandler
                0x080075cc                USART2_IRQHandler
                0x080075cc                I2C2_ER_IRQHandler
                0x080075cc                DMA1_Channel2_IRQHandler
                0x080075cc                CAN1_SCE_IRQHandler
                0x080075cc                FLASH_IRQHandler
                0x080075cc                USART1_IRQHandler
                0x080075cc                SPI3_IRQHandler
                0x080075cc                I2C1_ER_IRQHandler
                0x080075cc                DMA2_Channel3_IRQHandler
 *fill*         0x080075ce        0x2 
 .text.instanceconfigframeheader
                0x080075d0       0x44 ..\obj\instance.o
                0x080075d0                instanceconfigframeheader
 .text.setupmacframedata
                0x08007614       0x24 ..\obj\instance.o
                0x08007614                setupmacframedata
 .text.instancerxon
                0x08007638       0x48 ..\obj\instance.o
                0x08007638                instancerxon
 .text.instancesendpacket
                0x08007680       0x4c ..\obj\instance.o
                0x08007680                instancesendpacket
 .text.testapprun_s
                0x080076cc     0x103c ..\obj\instance.o
                0x080076cc                testapprun_s
 .text.instance_init_s
                0x08008708       0x88 ..\obj\instance.o
                0x08008708                instance_init_s
 .text.instance_init_timings
                0x08008790      0x374 ..\obj\instance.o
                0x08008790                instance_init_timings
 .text.instance_get_addr
                0x08008b04      0x1bc ..\obj\instance.o
                0x08008b04                instance_get_addr
 .text.instance_get_tagaddr
                0x08008cc0      0x1bc ..\obj\instance.o
                0x08008cc0                instance_get_tagaddr
 .text.instance_get_anchaddr
                0x08008e7c      0x1bc ..\obj\instance.o
                0x08008e7c                instance_get_anchaddr
 .text.EXTI_Init
                0x08009038       0xe4 ..\obj\stm32f10x_exti.o
                0x08009038                EXTI_Init
 .text.EXTI_ClearITPendingBit
                0x0800911c       0x1c ..\obj\stm32f10x_exti.o
                0x0800911c                EXTI_ClearITPendingBit
 .text.USBD_USR_DeviceDescriptor
                0x08009138       0x24 ..\obj\usbd_desc.o
                0x08009138                USBD_USR_DeviceDescriptor
 .text.USBD_USR_LangIDStrDescriptor
                0x0800915c       0x24 ..\obj\usbd_desc.o
                0x0800915c                USBD_USR_LangIDStrDescriptor
 .text.USBD_USR_ProductStrDescriptor
                0x08009180       0x40 ..\obj\usbd_desc.o
                0x08009180                USBD_USR_ProductStrDescriptor
 .text.USBD_USR_ManufacturerStrDescriptor
                0x080091c0       0x28 ..\obj\usbd_desc.o
                0x080091c0                USBD_USR_ManufacturerStrDescriptor
 .text.USBD_USR_SerialStrDescriptor
                0x080091e8       0x40 ..\obj\usbd_desc.o
                0x080091e8                USBD_USR_SerialStrDescriptor
 .text.USBD_USR_ConfigStrDescriptor
                0x08009228       0x3c ..\obj\usbd_desc.o
                0x08009228                USBD_USR_ConfigStrDescriptor
 .text.USBD_USR_InterfaceStrDescriptor
                0x08009264       0x3c ..\obj\usbd_desc.o
                0x08009264                USBD_USR_InterfaceStrDescriptor
 .text.NVIC_EnableIRQ
                0x080092a0       0x30 ..\obj\deca_mutex.o
 .text.NVIC_DisableIRQ
                0x080092d0       0x34 ..\obj\deca_mutex.o
 .text.decamutexon
                0x08009304       0x28 ..\obj\deca_mutex.o
                0x08009304                decamutexon
 .text.decamutexoff
                0x0800932c       0x1c ..\obj\deca_mutex.o
                0x0800932c                decamutexoff
 .text.NVIC_EnableIRQ
                0x08009348       0x30 ..\obj\deca_usb.o
 .text.NVIC_DisableIRQ
                0x08009378       0x34 ..\obj\deca_usb.o
 .text.DW_VCP_Init
                0x080093ac       0x10 ..\obj\deca_usb.o
                0x080093ac                DW_VCP_Init
 .text.DW_VCP_DeInit
                0x080093bc       0x10 ..\obj\deca_usb.o
                0x080093bc                DW_VCP_DeInit
 .text.DW_VCP_Ctrl
                0x080093cc       0x18 ..\obj\deca_usb.o
                0x080093cc                DW_VCP_Ctrl
 .text.DW_VCP_DataTx
                0x080093e4       0x74 ..\obj\deca_usb.o
                0x080093e4                DW_VCP_DataTx
 .text.DW_VCP_DataRx
                0x08009458      0x168 ..\obj\deca_usb.o
                0x08009458                DW_VCP_DataRx
 .text.configSPIspeed
                0x080095c0       0x38 ..\obj\deca_usb.o
                0x080095c0                configSPIspeed
 .text.process_usbmessage
                0x080095f8      0x344 ..\obj\deca_usb.o
                0x080095f8                process_usbmessage
 .text.send_usbmessage
                0x0800993c       0x40 ..\obj\deca_usb.o
                0x0800993c                send_usbmessage
 .text.usb_printconfig
                0x0800997c       0x2c ..\obj\deca_usb.o
                0x0800997c                usb_printconfig
 .text.usb_init
                0x080099a8       0x8c ..\obj\deca_usb.o
                0x080099a8                usb_init
 .text.usb_run  0x08009a34       0x90 ..\obj\deca_usb.o
                0x08009a34                usb_run
 .text._write   0x08009ac4       0x40 ..\obj\syscalls.o
                0x08009ac4                _write
 .text._sbrk    0x08009b04       0x70 ..\obj\syscalls.o
                0x08009b04                _sbrk
 .text._times_r
                0x08009b74       0x38 ..\obj\syscalls.o
                0x08009b74                _times_r
 .text.FLASH_SetLatency
                0x08009bac       0x38 ..\obj\stm32f10x_flash.o
                0x08009bac                FLASH_SetLatency
 .text.FLASH_PrefetchBufferCmd
                0x08009be4       0x30 ..\obj\stm32f10x_flash.o
                0x08009be4                FLASH_PrefetchBufferCmd
 .text.NMI_Handler
                0x08009c14        0xc ..\obj\stm32f10x_it.o
                0x08009c14                NMI_Handler
 .text.pop_registers_from_fault_stack
                0x08009c20       0x3c ..\obj\stm32f10x_it.o
                0x08009c20                pop_registers_from_fault_stack
 .text.HardFault_Handler
                0x08009c5c       0x20 ..\obj\stm32f10x_it.o
                0x08009c5c                HardFault_Handler
 .text.MemManage_Handler
                0x08009c7c        0x8 ..\obj\stm32f10x_it.o
                0x08009c7c                MemManage_Handler
 .text.BusFault_Handler
                0x08009c84        0x8 ..\obj\stm32f10x_it.o
                0x08009c84                BusFault_Handler
 .text.UsageFault_Handler
                0x08009c8c        0x8 ..\obj\stm32f10x_it.o
                0x08009c8c                UsageFault_Handler
 .text.SVC_Handler
                0x08009c94        0xc ..\obj\stm32f10x_it.o
                0x08009c94                SVC_Handler
 .text.DebugMon_Handler
                0x08009ca0        0xc ..\obj\stm32f10x_it.o
                0x08009ca0                DebugMon_Handler
 .text.PendSV_Handler
                0x08009cac        0xc ..\obj\stm32f10x_it.o
                0x08009cac                PendSV_Handler
 .text.RTC_IRQHandler
                0x08009cb8       0x20 ..\obj\stm32f10x_it.o
                0x08009cb8                RTC_IRQHandler
 .text.SysTick_Handler
                0x08009cd8       0x1c ..\obj\stm32f10x_it.o
                0x08009cd8                SysTick_Handler
 .text.EXTI15_10_IRQHandler
                0x08009cf4       0x10 ..\obj\stm32f10x_it.o
                0x08009cf4                EXTI15_10_IRQHandler
 .text.EXTI0_IRQHandler
                0x08009d04       0x14 ..\obj\stm32f10x_it.o
                0x08009d04                EXTI0_IRQHandler
 .text.EXTI3_IRQHandler
                0x08009d18       0x14 ..\obj\stm32f10x_it.o
                0x08009d18                EXTI3_IRQHandler
 .text.EXTI9_5_IRQHandler
                0x08009d2c       0x14 ..\obj\stm32f10x_it.o
                0x08009d2c                EXTI9_5_IRQHandler
 .text.OTG_FS_WKUP_IRQHandler
                0x08009d40       0x38 ..\obj\stm32f10x_it.o
                0x08009d40                OTG_FS_WKUP_IRQHandler
 .text.OTG_FS_IRQHandler
                0x08009d78       0x14 ..\obj\stm32f10x_it.o
                0x08009d78                OTG_FS_IRQHandler
 .text.USBD_StdDevReq
                0x08009d8c       0xa0 ..\obj\usbd_req.o
                0x08009d8c                USBD_StdDevReq
 .text.USBD_StdItfReq
                0x08009e2c       0x68 ..\obj\usbd_req.o
                0x08009e2c                USBD_StdItfReq
 .text.USBD_StdEPReq
                0x08009e94      0x1b0 ..\obj\usbd_req.o
                0x08009e94                USBD_StdEPReq
 .text.USBD_GetDescriptor
                0x0800a044      0x1a8 ..\obj\usbd_req.o
 .text.USBD_SetAddress
                0x0800a1ec       0x7c ..\obj\usbd_req.o
 .text.USBD_SetConfig
                0x0800a268       0xf4 ..\obj\usbd_req.o
 .text.USBD_GetConfig
                0x0800a35c       0x60 ..\obj\usbd_req.o
 .text.USBD_GetStatus
                0x0800a3bc       0x54 ..\obj\usbd_req.o
 .text.USBD_SetFeature
                0x0800a410       0xd8 ..\obj\usbd_req.o
 .text.USBD_ClrFeature
                0x0800a4e8       0x50 ..\obj\usbd_req.o
 .text.USBD_ParseSetupRequest
                0x0800a538       0x90 ..\obj\usbd_req.o
                0x0800a538                USBD_ParseSetupRequest
 .text.USBD_CtlError
                0x0800a5c8       0x28 ..\obj\usbd_req.o
                0x0800a5c8                USBD_CtlError
 .text.USBD_GetString
                0x0800a5f0       0x88 ..\obj\usbd_req.o
                0x0800a5f0                USBD_GetString
 .text.USBD_GetLen
                0x0800a678       0x30 ..\obj\usbd_req.o
 .text.NVIC_SetPriority
                0x0800a6a8       0x54 ..\obj\port.o
 .text.SysTick_Config
                0x0800a6fc       0x44 ..\obj\port.o
 .text.No_Configuration
                0x0800a740       0x10 ..\obj\port.o
                0x0800a740                No_Configuration
 .text.portGetTickCnt
                0x0800a750       0x14 ..\obj\port.o
                0x0800a750                portGetTickCnt
 .text.SysTick_Configuration
                0x0800a764       0x38 ..\obj\port.o
                0x0800a764                SysTick_Configuration
 .text.NVIC_DisableDECAIRQ
                0x0800a79c       0x28 ..\obj\port.o
                0x0800a79c                NVIC_DisableDECAIRQ
 .text.NVIC_Configuration
                0x0800a7c4       0x68 ..\obj\port.o
                0x0800a7c4                NVIC_Configuration
 .text.EXTI_GetITEnStatus
                0x0800a82c       0x3c ..\obj\port.o
                0x0800a82c                EXTI_GetITEnStatus
 .text.RCC_Configuration
                0x0800a868       0xd4 ..\obj\port.o
                0x0800a868                RCC_Configuration
 .text.USART_Configuration
                0x0800a93c       0x10 ..\obj\port.o
                0x0800a93c                USART_Configuration
 .text.SPI_ConfigFastRate
                0x0800a94c       0x58 ..\obj\port.o
                0x0800a94c                SPI_ConfigFastRate
 .text.SPI_Configuration
                0x0800a9a4       0xa8 ..\obj\port.o
                0x0800a9a4                SPI_Configuration
 .text.SPI2_Configuration
                0x0800aa4c       0xe0 ..\obj\port.o
                0x0800aa4c                SPI2_Configuration
 .text.GPIO_Configuration
                0x0800ab2c       0xc0 ..\obj\port.o
                0x0800ab2c                GPIO_Configuration
 .text.reset_DW1000
                0x0800abec       0x50 ..\obj\port.o
                0x0800abec                reset_DW1000
 .text.setup_DW1000RSTnIRQ
                0x0800ac3c       0xa8 ..\obj\port.o
                0x0800ac3c                setup_DW1000RSTnIRQ
 .text.is_button_low
                0x0800ace4       0x30 ..\obj\port.o
                0x0800ace4                is_button_low
 .text.is_switch_on
                0x0800ad14       0x30 ..\obj\port.o
                0x0800ad14                is_switch_on
 .text.led_off  0x0800ad44       0x74 ..\obj\port.o
                0x0800ad44                led_off
 .text.led_on   0x0800adb8       0x74 ..\obj\port.o
                0x0800adb8                led_on
 .text.peripherals_init
                0x0800ae2c       0x24 ..\obj\port.o
                0x0800ae2c                peripherals_init
 .text.spi_peripheral_init
                0x0800ae50       0x28 ..\obj\port.o
                0x0800ae50                spi_peripheral_init
 .text.USBD_OTG_ISR_Handler
                0x0800ae78      0x15c ..\obj\usb_dcd_int.o
                0x0800ae78                USBD_OTG_ISR_Handler
 .text.DCD_HandleResume_ISR
                0x0800afd4       0x80 ..\obj\usb_dcd_int.o
 .text.DCD_HandleUSBSuspend_ISR
                0x0800b054       0xbc ..\obj\usb_dcd_int.o
 .text.DCD_HandleInEP_ISR
                0x0800b110      0x19c ..\obj\usb_dcd_int.o
 .text.DCD_HandleOutEP_ISR
                0x0800b2ac      0x150 ..\obj\usb_dcd_int.o
 .text.DCD_HandleSof_ISR
                0x0800b3fc       0x34 ..\obj\usb_dcd_int.o
 .text.DCD_HandleRxStatusQueueLevel_ISR
                0x0800b430      0x104 ..\obj\usb_dcd_int.o
 .text.DCD_WriteEmptyTxFifo
                0x0800b534      0x110 ..\obj\usb_dcd_int.o
 .text.DCD_HandleUsbReset_ISR
                0x0800b644      0x120 ..\obj\usb_dcd_int.o
 .text.DCD_HandleEnumDone_ISR
                0x0800b764       0x78 ..\obj\usb_dcd_int.o
 .text.DCD_IsoINIncomplete_ISR
                0x0800b7dc       0x34 ..\obj\usb_dcd_int.o
 .text.DCD_IsoOUTIncomplete_ISR
                0x0800b810       0x34 ..\obj\usb_dcd_int.o
 .text.DCD_ReadDevInEP
                0x0800b844       0x50 ..\obj\usb_dcd_int.o
 .text.usbd_cdc_Init
                0x0800b894       0x6c ..\obj\usbd_cdc_core.o
 .text.usbd_cdc_DeInit
                0x0800b900       0x38 ..\obj\usbd_cdc_core.o
 .text.usbd_cdc_Setup
                0x0800b938      0x128 ..\obj\usbd_cdc_core.o
 .text.usbd_cdc_EP0_RxReady
                0x0800ba60       0x40 ..\obj\usbd_cdc_core.o
 .text.usbd_cdc_DataIn
                0x0800baa0       0xa8 ..\obj\usbd_cdc_core.o
 .text.usbd_cdc_DataOut
                0x0800bb48       0x4c ..\obj\usbd_cdc_core.o
 .text.usbd_cdc_SOF
                0x0800bb94       0x30 ..\obj\usbd_cdc_core.o
 .text.Handle_USBAsynchXfer
                0x0800bbc4       0xe0 ..\obj\usbd_cdc_core.o
 .text.USBD_cdc_GetCfgDesc
                0x0800bca4       0x24 ..\obj\usbd_cdc_core.o
 .text.NVIC_PriorityGroupConfig
                0x0800bcc8       0x24 ..\obj\misc.o
                0x0800bcc8                NVIC_PriorityGroupConfig
 .text.NVIC_Init
                0x0800bcec       0xc4 ..\obj\misc.o
                0x0800bcec                NVIC_Init
 .text.DCD_Init
                0x0800bdb0      0x108 ..\obj\usb_dcd.o
                0x0800bdb0                DCD_Init
 .text.DCD_EP_Open
                0x0800beb8       0xb0 ..\obj\usb_dcd.o
                0x0800beb8                DCD_EP_Open
 .text.DCD_EP_Close
                0x0800bf68       0x78 ..\obj\usb_dcd.o
                0x0800bf68                DCD_EP_Close
 .text.DCD_EP_PrepareRx
                0x0800bfe0       0x84 ..\obj\usb_dcd.o
                0x0800bfe0                DCD_EP_PrepareRx
 .text.DCD_EP_Tx
                0x0800c064       0x78 ..\obj\usb_dcd.o
                0x0800c064                DCD_EP_Tx
 .text.DCD_EP_Stall
                0x0800c0dc       0x7c ..\obj\usb_dcd.o
                0x0800c0dc                DCD_EP_Stall
 .text.DCD_EP_ClrStall
                0x0800c158       0x7c ..\obj\usb_dcd.o
                0x0800c158                DCD_EP_ClrStall
 .text.DCD_EP_Flush
                0x0800c1d4       0x34 ..\obj\usb_dcd.o
                0x0800c1d4                DCD_EP_Flush
 .text.DCD_EP_SetAddress
                0x0800c208       0x3c ..\obj\usb_dcd.o
                0x0800c208                DCD_EP_SetAddress
 .text.SPI_I2S_DeInit
                0x0800c244       0x74 ..\obj\stm32f10x_spi.o
                0x0800c244                SPI_I2S_DeInit
 .text.SPI_Init
                0x0800c2b8       0x88 ..\obj\stm32f10x_spi.o
                0x0800c2b8                SPI_Init
 .text.SPI_Cmd  0x0800c340       0x40 ..\obj\stm32f10x_spi.o
                0x0800c340                SPI_Cmd
 .text.SPI_I2S_SendData
                0x0800c380       0x1c ..\obj\stm32f10x_spi.o
                0x0800c380                SPI_I2S_SendData
 .text.SPI_I2S_ReceiveData
                0x0800c39c       0x18 ..\obj\stm32f10x_spi.o
                0x0800c39c                SPI_I2S_ReceiveData
 .text.SPI_SSOutputCmd
                0x0800c3b4       0x40 ..\obj\stm32f10x_spi.o
                0x0800c3b4                SPI_SSOutputCmd
 .text.SPI_I2S_GetFlagStatus
                0x0800c3f4       0x38 ..\obj\stm32f10x_spi.o
                0x0800c3f4                SPI_I2S_GetFlagStatus
 .text.USBD_CtlSendData
                0x0800c42c       0x40 ..\obj\usbd_ioreq.o
                0x0800c42c                USBD_CtlSendData
 .text.USBD_CtlContinueSendData
                0x0800c46c       0x28 ..\obj\usbd_ioreq.o
                0x0800c46c                USBD_CtlContinueSendData
 .text.USBD_CtlPrepareRx
                0x0800c494       0x40 ..\obj\usbd_ioreq.o
                0x0800c494                USBD_CtlPrepareRx
 .text.USBD_CtlContinueRx
                0x0800c4d4       0x28 ..\obj\usbd_ioreq.o
                0x0800c4d4                USBD_CtlContinueRx
 .text.USBD_CtlSendStatus
                0x0800c4fc       0x30 ..\obj\usbd_ioreq.o
                0x0800c4fc                USBD_CtlSendStatus
 .text.USBD_CtlReceiveStatus
                0x0800c52c       0x30 ..\obj\usbd_ioreq.o
                0x0800c52c                USBD_CtlReceiveStatus
 *fill*         0x0800c55c        0x4 
 .text.dwt_getrangebias
                0x0800c560      0x18c ..\obj\deca_range_tables.o
                0x0800c560                dwt_getrangebias
 .text.clock    0x0800c6ec       0x2c c:/program files (x86)/gnu tools arm embedded/5.4 2016q2/bin/../lib/gcc/arm-none-eabi/5.4.1/../../../../arm-none-eabi/lib/armv7-m\libc.a(lib_a-clock.o)
                0x0800c6ec                clock
 .text.memcmp   0x0800c718       0x64 c:/program files (x86)/gnu tools arm embedded/5.4 2016q2/bin/../lib/gcc/arm-none-eabi/5.4.1/../../../../arm-none-eabi/lib/armv7-m\libc.a(lib_a-memcmp.o)
                0x0800c718                memcmp
 .text.sprintf  0x0800c77c       0x4c c:/program files (x86)/gnu tools arm embedded/5.4 2016q2/bin/../lib/gcc/arm-none-eabi/5.4.1/../../../../arm-none-eabi/lib/armv7-m\libc.a(lib_a-sprintf.o)
                0x0800c77c                sprintf
 .text.strlen   0x0800c7c8       0x5c c:/program files (x86)/gnu tools arm embedded/5.4 2016q2/bin/../lib/gcc/arm-none-eabi/5.4.1/../../../../arm-none-eabi/lib/armv7-m\libc.a(lib_a-strlen-stub.o)
                0x0800c7c8                strlen
 .text._svfprintf_r
                0x0800c824     0x175c c:/program files (x86)/gnu tools arm embedded/5.4 2016q2/bin/../lib/gcc/arm-none-eabi/5.4.1/../../../../arm-none-eabi/lib/armv7-m\libc.a(lib_a-svfprintf.o)
                0x0800c824                _svfprintf_r
 .text.quorem   0x0800df80      0x12c c:/program files (x86)/gnu tools arm embedded/5.4 2016q2/bin/../lib/gcc/arm-none-eabi/5.4.1/../../../../arm-none-eabi/lib/armv7-m\libc.a(lib_a-dtoa.o)
 *fill*         0x0800e0ac        0x4 
 .text._dtoa_r  0x0800e0b0      0xe4c c:/program files (x86)/gnu tools arm embedded/5.4 2016q2/bin/../lib/gcc/arm-none-eabi/5.4.1/../../../../arm-none-eabi/lib/armv7-m\libc.a(lib_a-dtoa.o)
                0x0800e0b0                _dtoa_r
 .text._malloc_trim_r
                0x0800eefc       0x9c c:/program files (x86)/gnu tools arm embedded/5.4 2016q2/bin/../lib/gcc/arm-none-eabi/5.4.1/../../../../arm-none-eabi/lib/armv7-m\libc.a(lib_a-freer.o)
                0x0800eefc                _malloc_trim_r
 .text._free_r  0x0800ef98      0x1d0 c:/program files (x86)/gnu tools arm embedded/5.4 2016q2/bin/../lib/gcc/arm-none-eabi/5.4.1/../../../../arm-none-eabi/lib/armv7-m\libc.a(lib_a-freer.o)
                0x0800ef98                _free_r
 .text._localeconv_r
                0x0800f168        0x8 c:/program files (x86)/gnu tools arm embedded/5.4 2016q2/bin/../lib/gcc/arm-none-eabi/5.4.1/../../../../arm-none-eabi/lib/armv7-m\libc.a(lib_a-locale.o)
                0x0800f168                _localeconv_r
 .text._malloc_r
                0x0800f170      0x558 c:/program files (x86)/gnu tools arm embedded/5.4 2016q2/bin/../lib/gcc/arm-none-eabi/5.4.1/../../../../arm-none-eabi/lib/armv7-m\libc.a(lib_a-mallocr.o)
                0x0800f170                _malloc_r
 .text.memchr   0x0800f6c8       0x8c c:/program files (x86)/gnu tools arm embedded/5.4 2016q2/bin/../lib/gcc/arm-none-eabi/5.4.1/../../../../arm-none-eabi/lib/armv7-m\libc.a(lib_a-memchr-stub.o)
                0x0800f6c8                memchr
 .text.memmove  0x0800f754       0xc8 c:/program files (x86)/gnu tools arm embedded/5.4 2016q2/bin/../lib/gcc/arm-none-eabi/5.4.1/../../../../arm-none-eabi/lib/armv7-m\libc.a(lib_a-memmove.o)
                0x0800f754                memmove
 .text.__malloc_lock
                0x0800f81c        0x4 c:/program files (x86)/gnu tools arm embedded/5.4 2016q2/bin/../lib/gcc/arm-none-eabi/5.4.1/../../../../arm-none-eabi/lib/armv7-m\libc.a(lib_a-mlock.o)
                0x0800f81c                __malloc_lock
 .text.__malloc_unlock
                0x0800f820        0x4 c:/program files (x86)/gnu tools arm embedded/5.4 2016q2/bin/../lib/gcc/arm-none-eabi/5.4.1/../../../../arm-none-eabi/lib/armv7-m\libc.a(lib_a-mlock.o)
                0x0800f820                __malloc_unlock
 .text._Balloc  0x0800f824       0x50 c:/program files (x86)/gnu tools arm embedded/5.4 2016q2/bin/../lib/gcc/arm-none-eabi/5.4.1/../../../../arm-none-eabi/lib/armv7-m\libc.a(lib_a-mprec.o)
                0x0800f824                _Balloc
 .text._Bfree   0x0800f874       0x14 c:/program files (x86)/gnu tools arm embedded/5.4 2016q2/bin/../lib/gcc/arm-none-eabi/5.4.1/../../../../arm-none-eabi/lib/armv7-m\libc.a(lib_a-mprec.o)
                0x0800f874                _Bfree
 .text.__multadd
                0x0800f888       0x80 c:/program files (x86)/gnu tools arm embedded/5.4 2016q2/bin/../lib/gcc/arm-none-eabi/5.4.1/../../../../arm-none-eabi/lib/armv7-m\libc.a(lib_a-mprec.o)
                0x0800f888                __multadd
 .text.__hi0bits
                0x0800f908       0x40 c:/program files (x86)/gnu tools arm embedded/5.4 2016q2/bin/../lib/gcc/arm-none-eabi/5.4.1/../../../../arm-none-eabi/lib/armv7-m\libc.a(lib_a-mprec.o)
                0x0800f908                __hi0bits
 .text.__lo0bits
                0x0800f948       0x5c c:/program files (x86)/gnu tools arm embedded/5.4 2016q2/bin/../lib/gcc/arm-none-eabi/5.4.1/../../../../arm-none-eabi/lib/armv7-m\libc.a(lib_a-mprec.o)
                0x0800f948                __lo0bits
 .text.__i2b    0x0800f9a4       0x14 c:/program files (x86)/gnu tools arm embedded/5.4 2016q2/bin/../lib/gcc/arm-none-eabi/5.4.1/../../../../arm-none-eabi/lib/armv7-m\libc.a(lib_a-mprec.o)
                0x0800f9a4                __i2b
 .text.__multiply
                0x0800f9b8      0x13c c:/program files (x86)/gnu tools arm embedded/5.4 2016q2/bin/../lib/gcc/arm-none-eabi/5.4.1/../../../../arm-none-eabi/lib/armv7-m\libc.a(lib_a-mprec.o)
                0x0800f9b8                __multiply
 .text.__pow5mult
                0x0800faf4       0xa0 c:/program files (x86)/gnu tools arm embedded/5.4 2016q2/bin/../lib/gcc/arm-none-eabi/5.4.1/../../../../arm-none-eabi/lib/armv7-m\libc.a(lib_a-mprec.o)
                0x0800faf4                __pow5mult
 .text.__lshift
                0x0800fb94       0xac c:/program files (x86)/gnu tools arm embedded/5.4 2016q2/bin/../lib/gcc/arm-none-eabi/5.4.1/../../../../arm-none-eabi/lib/armv7-m\libc.a(lib_a-mprec.o)
                0x0800fb94                __lshift
 .text.__mcmp   0x0800fc40       0x40 c:/program files (x86)/gnu tools arm embedded/5.4 2016q2/bin/../lib/gcc/arm-none-eabi/5.4.1/../../../../arm-none-eabi/lib/armv7-m\libc.a(lib_a-mprec.o)
                0x0800fc40                __mcmp
 .text.__mdiff  0x0800fc80      0x128 c:/program files (x86)/gnu tools arm embedded/5.4 2016q2/bin/../lib/gcc/arm-none-eabi/5.4.1/../../../../arm-none-eabi/lib/armv7-m\libc.a(lib_a-mprec.o)
                0x0800fc80                __mdiff
 .text.__d2b    0x0800fda8       0xa8 c:/program files (x86)/gnu tools arm embedded/5.4 2016q2/bin/../lib/gcc/arm-none-eabi/5.4.1/../../../../arm-none-eabi/lib/armv7-m\libc.a(lib_a-mprec.o)
                0x0800fda8                __d2b
 .text._realloc_r
                0x0800fe50      0x3d4 c:/program files (x86)/gnu tools arm embedded/5.4 2016q2/bin/../lib/gcc/arm-none-eabi/5.4.1/../../../../arm-none-eabi/lib/armv7-m\libc.a(lib_a-reallocr.o)
                0x0800fe50                _realloc_r
 .text._sbrk_r  0x08010224       0x24 c:/program files (x86)/gnu tools arm embedded/5.4 2016q2/bin/../lib/gcc/arm-none-eabi/5.4.1/../../../../arm-none-eabi/lib/armv7-m\libc.a(lib_a-sbrkr.o)
                0x08010224                _sbrk_r
 .text.__ssprint_r
                0x08010248      0x100 c:/program files (x86)/gnu tools arm embedded/5.4 2016q2/bin/../lib/gcc/arm-none-eabi/5.4.1/../../../../arm-none-eabi/lib/armv7-m\libc.a(lib_a-svfiprintf.o)
                0x08010248                __ssprint_r
 .text._calloc_r
                0x08010348       0x60 c:/program files (x86)/gnu tools arm embedded/5.4 2016q2/bin/../lib/gcc/arm-none-eabi/5.4.1/../../../../arm-none-eabi/lib/armv7-m\libc.a(lib_a-callocr.o)
                0x08010348                _calloc_r
 *(.rodata)
 .rodata        0x080103a8      0x26d ..\obj\main.o
 *fill*         0x08010615        0x3 
 .rodata        0x08010618       0x96 ..\obj\usbd_desc.o
 *fill*         0x080106ae        0x2 
 .rodata        0x080106b0       0x21 ..\obj\syscalls.o
 *(.rodata*)
 *fill*         0x080106d1        0x3 
 .rodata.str1.4
                0x080106d4        0x2 c:/program files (x86)/gnu tools arm embedded/5.4 2016q2/bin/../lib/gcc/arm-none-eabi/5.4.1/../../../../arm-none-eabi/lib/armv7-m\libc.a(lib_a-impure.o)
 *fill*         0x080106d6        0x2 
 .rodata._global_impure_ptr
                0x080106d8        0x4 c:/program files (x86)/gnu tools arm embedded/5.4 2016q2/bin/../lib/gcc/arm-none-eabi/5.4.1/../../../../arm-none-eabi/lib/armv7-m\libc.a(lib_a-impure.o)
                0x080106d8                _global_impure_ptr
 .rodata.rfDelays
                0x080106dc        0x4 ..\obj\instance_calib.o
                0x080106dc                rfDelays
 .rodata.txSpectrumConfig
                0x080106e0       0x60 ..\obj\instance_calib.o
                0x080106e0                txSpectrumConfig
 .rodata.switchbuf
                0x08010740        0x7 ..\obj\main.o
                0x08010740                switchbuf
 *fill*         0x08010747        0x1 
 .rodata.switch_fn
                0x08010748       0x1c ..\obj\main.o
                0x08010748                switch_fn
 .rodata.data_len_bytes.9979
                0x08010764       0x14 ..\obj\instance.o
 .rodata.str1.4
                0x08010778       0x14 ..\obj\deca_usb.o
 .rodata.chan_idx
                0x0801078c        0x8 ..\obj\deca_params_init.o
                0x0801078c                chan_idx
 .rodata.tx_config
                0x08010794       0x18 ..\obj\deca_params_init.o
                0x08010794                tx_config
 .rodata.pll2_config
                0x080107ac       0x1e ..\obj\deca_params_init.o
                0x080107ac                pll2_config
 .rodata.pll2calcfg
                0x080107ca        0x1 ..\obj\deca_params_init.o
                0x080107ca                pll2calcfg
 *fill*         0x080107cb        0x1 
 .rodata.rx_config
                0x080107cc        0x2 ..\obj\deca_params_init.o
                0x080107cc                rx_config
 *fill*         0x080107ce        0x2 
 .rodata.agc_config
                0x080107d0        0x8 ..\obj\deca_params_init.o
                0x080107d0                agc_config
 .rodata.dwnsSFDlen
                0x080107d8        0x3 ..\obj\deca_params_init.o
                0x080107d8                dwnsSFDlen
 *fill*         0x080107db        0x1 
 .rodata.sftsh  0x080107dc        0xc ..\obj\deca_params_init.o
                0x080107dc                sftsh
 .rodata.dtune1
                0x080107e8        0x4 ..\obj\deca_params_init.o
                0x080107e8                dtune1
 .rodata.digital_bb_config
                0x080107ec       0x20 ..\obj\deca_params_init.o
                0x080107ec                digital_bb_config
 .rodata.lde_replicaCoeff
                0x0801080c       0x32 ..\obj\deca_params_init.o
                0x0801080c                lde_replicaCoeff
 *fill*         0x0801083e        0x2 
 .rodata.chan_idxnb
                0x08010840        0x8 ..\obj\deca_range_tables.o
                0x08010840                chan_idxnb
 .rodata.chan_idxwb
                0x08010848        0x8 ..\obj\deca_range_tables.o
                0x08010848                chan_idxwb
 .rodata.range25cm16PRFnb
                0x08010850       0x94 ..\obj\deca_range_tables.o
                0x08010850                range25cm16PRFnb
 .rodata.range25cm16PRFwb
                0x080108e4       0x88 ..\obj\deca_range_tables.o
                0x080108e4                range25cm16PRFwb
 .rodata.range25cm64PRFnb
                0x0801096c       0x68 ..\obj\deca_range_tables.o
                0x0801096c                range25cm64PRFnb
 .rodata.range25cm64PRFwb
                0x080109d4       0x76 ..\obj\deca_range_tables.o
                0x080109d4                range25cm64PRFwb
 *fill*         0x08010a4a        0x2 
 .rodata.blanks.7055
                0x08010a4c       0x10 c:/program files (x86)/gnu tools arm embedded/5.4 2016q2/bin/../lib/gcc/arm-none-eabi/5.4.1/../../../../arm-none-eabi/lib/armv7-m\libc.a(lib_a-svfprintf.o)
 .rodata.str1.4
                0x08010a5c       0x42 c:/program files (x86)/gnu tools arm embedded/5.4 2016q2/bin/../lib/gcc/arm-none-eabi/5.4.1/../../../../arm-none-eabi/lib/armv7-m\libc.a(lib_a-svfprintf.o)
 *fill*         0x08010a9e        0x2 
 .rodata.zeroes.7056
                0x08010aa0       0x10 c:/program files (x86)/gnu tools arm embedded/5.4 2016q2/bin/../lib/gcc/arm-none-eabi/5.4.1/../../../../arm-none-eabi/lib/armv7-m\libc.a(lib_a-svfprintf.o)
 .rodata.str1.4
                0x08010ab0       0x10 c:/program files (x86)/gnu tools arm embedded/5.4 2016q2/bin/../lib/gcc/arm-none-eabi/5.4.1/../../../../arm-none-eabi/lib/armv7-m\libc.a(lib_a-dtoa.o)
                                 0x12 (size before relaxing)
 .rodata.str1.4
                0x08010ac0        0xc c:/program files (x86)/gnu tools arm embedded/5.4 2016q2/bin/../lib/gcc/arm-none-eabi/5.4.1/../../../../arm-none-eabi/lib/armv7-m\libc.a(lib_a-locale.o)
                                 0x12 (size before relaxing)
 *fill*         0x08010acc        0x4 
 .rodata.__mprec_tens
                0x08010ad0       0xc8 c:/program files (x86)/gnu tools arm embedded/5.4 2016q2/bin/../lib/gcc/arm-none-eabi/5.4.1/../../../../arm-none-eabi/lib/armv7-m\libc.a(lib_a-mprec.o)
                0x08010ad0                __mprec_tens
 .rodata.__mprec_bigtens
                0x08010b98       0x28 c:/program files (x86)/gnu tools arm embedded/5.4 2016q2/bin/../lib/gcc/arm-none-eabi/5.4.1/../../../../arm-none-eabi/lib/armv7-m\libc.a(lib_a-mprec.o)
                0x08010b98                __mprec_bigtens
 .rodata.p05.5396
                0x08010bc0        0xc c:/program files (x86)/gnu tools arm embedded/5.4 2016q2/bin/../lib/gcc/arm-none-eabi/5.4.1/../../../../arm-none-eabi/lib/armv7-m\libc.a(lib_a-mprec.o)
 *(.glue_7)
 .glue_7        0x08010bcc        0x0 linker stubs
 *(.glue_7t)
 .glue_7t       0x08010bcc        0x0 linker stubs
 *(.eh_frame)
 .eh_frame      0x08010bcc        0x0 c:/program files (x86)/gnu tools arm embedded/5.4 2016q2/bin/../lib/gcc/arm-none-eabi/5.4.1/armv7-m/crtbegin.o
 *(.init)
 .init          0x08010bcc        0x4 c:/program files (x86)/gnu tools arm embedded/5.4 2016q2/bin/../lib/gcc/arm-none-eabi/5.4.1/armv7-m/crti.o
                0x08010bcc                _init
 .init          0x08010bd0        0x8 c:/program files (x86)/gnu tools arm embedded/5.4 2016q2/bin/../lib/gcc/arm-none-eabi/5.4.1/armv7-m/crtn.o
 *(.fini)
 .fini          0x08010bd8        0x4 c:/program files (x86)/gnu tools arm embedded/5.4 2016q2/bin/../lib/gcc/arm-none-eabi/5.4.1/armv7-m/crti.o
                0x08010bd8                _fini
 .fini          0x08010bdc        0x8 c:/program files (x86)/gnu tools arm embedded/5.4 2016q2/bin/../lib/gcc/arm-none-eabi/5.4.1/armv7-m/crtn.o
                0x08010be4                . = ALIGN (0x4)
                0x08010be4                _etext = .

.vfp11_veneer   0x08010be4        0x0
 .vfp11_veneer  0x08010be4        0x0 linker stubs

.v4_bx          0x08010be4        0x0
 .v4_bx         0x08010be4        0x0 linker stubs

.iplt           0x08010be4        0x0
 .iplt          0x08010be4        0x0 c:/program files (x86)/gnu tools arm embedded/5.4 2016q2/bin/../lib/gcc/arm-none-eabi/5.4.1/armv7-m/crtbegin.o

.ARM.extab
 *(.ARM.extab* .gnu.linkonce.armextab.*)

.ARM            0x08010be4        0x8
                0x08010be4                __exidx_start = .
 *(.ARM.exidx*)
 .ARM.exidx     0x08010be4        0x8 c:/program files (x86)/gnu tools arm embedded/5.4 2016q2/bin/../lib/gcc/arm-none-eabi/5.4.1/armv7-m\libgcc.a(_udivmoddi4.o)
                0x08010bec                __exidx_end = .

.rel.dyn        0x08010bec        0x0
 .rel.iplt      0x08010bec        0x0 c:/program files (x86)/gnu tools arm embedded/5.4 2016q2/bin/../lib/gcc/arm-none-eabi/5.4.1/armv7-m/crtbegin.o

.preinit_array  0x08010bec        0x0
                0x08010bec                PROVIDE (__preinit_array_start, .)
 *(.preinit_array*)
                0x08010bec                PROVIDE (__preinit_array_end, .)

.init_array     0x08010bec        0x8
                0x08010bec                PROVIDE (__init_array_start, .)
 *(SORT(.init_array.*))
 .init_array.00000
                0x08010bec        0x4 c:/program files (x86)/gnu tools arm embedded/5.4 2016q2/bin/../lib/gcc/arm-none-eabi/5.4.1/../../../../arm-none-eabi/lib/armv7-m\libc.a(lib_a-__call_atexit.o)
 *(.init_array*)
 .init_array    0x08010bf0        0x4 c:/program files (x86)/gnu tools arm embedded/5.4 2016q2/bin/../lib/gcc/arm-none-eabi/5.4.1/armv7-m/crtbegin.o
                0x08010bf4                PROVIDE (__init_array_end, .)

.fini_array     0x08010bf4        0x4
                0x08010bf4                PROVIDE (__fini_array_start, .)
 *(.fini_array*)
 .fini_array    0x08010bf4        0x4 c:/program files (x86)/gnu tools arm embedded/5.4 2016q2/bin/../lib/gcc/arm-none-eabi/5.4.1/armv7-m/crtbegin.o
 *(SORT(.fini_array.*))
                0x08010bf8                PROVIDE (__fini_array_end, .)
                0x08010bf8                _sidata = .

.data           0x20000000      0x9ec load address 0x08010bf8
                0x20000000                . = ALIGN (0x4)
                0x20000000                _sdata = .
 *(.data)
 *(.data*)
 .data.impure_data
                0x20000000      0x428 c:/program files (x86)/gnu tools arm embedded/5.4 2016q2/bin/../lib/gcc/arm-none-eabi/5.4.1/../../../../arm-none-eabi/lib/armv7-m\libc.a(lib_a-impure.o)
 .data._impure_ptr
                0x20000428        0x4 c:/program files (x86)/gnu tools arm embedded/5.4 2016q2/bin/../lib/gcc/arm-none-eabi/5.4.1/../../../../arm-none-eabi/lib/armv7-m\libc.a(lib_a-impure.o)
                0x20000428                _impure_ptr
 .data.USR_cb   0x2000042c       0x1c ..\obj\usbd_usr.o
                0x2000042c                USR_cb
 .data.SystemCoreClock
                0x20000448        0x4 ..\obj\system_stm32f10x.o
                0x20000448                SystemCoreClock
 .data.USBD_DCD_INT_cb
                0x2000044c       0x2c ..\obj\usbd_core.o
                0x2000044c                USBD_DCD_INT_cb
 .data.USBD_DCD_INT_fops
                0x20000478        0x4 ..\obj\usbd_core.o
                0x20000478                USBD_DCD_INT_fops
 .data.instance_mode
                0x2000047c        0x4 ..\obj\main.o
                0x2000047c                instance_mode
 .data.chConfig
                0x20000480       0x50 ..\obj\main.o
                0x20000480                chConfig
 .data.APBAHBPrescTable
                0x200004d0       0x10 ..\obj\stm32f10x_rcc.o
 .data.ADCPrescTable
                0x200004e0        0x4 ..\obj\stm32f10x_rcc.o
 .data.USR_desc
                0x200004e4       0x1c ..\obj\usbd_desc.o
                0x200004e4                USR_desc
 .data.USBD_DeviceDesc
                0x20000500       0x12 ..\obj\usbd_desc.o
                0x20000500                USBD_DeviceDesc
 *fill*         0x20000512        0x2 
 .data.USBD_LangIDDesc
                0x20000514        0x4 ..\obj\usbd_desc.o
                0x20000514                USBD_LangIDDesc
 .data.VCP_fops
                0x20000518       0x14 ..\obj\deca_usb.o
                0x20000518                VCP_fops
 .data.localSPIspeed
                0x2000052c        0x4 ..\obj\deca_usb.o
                0x2000052c                localSPIspeed
 .data.usbd_cdc_CfgDesc
                0x20000530       0x43 ..\obj\usbd_cdc_core.o
                0x20000530                usbd_cdc_CfgDesc
 *fill*         0x20000573        0x1 
 .data.cdcCmd   0x20000574        0x4 ..\obj\usbd_cdc_core.o
 .data.USBD_CDC_cb
                0x20000578       0x2c ..\obj\usbd_cdc_core.o
                0x20000578                USBD_CDC_cb
 .data.lconv    0x200005a4       0x38 c:/program files (x86)/gnu tools arm embedded/5.4 2016q2/bin/../lib/gcc/arm-none-eabi/5.4.1/../../../../arm-none-eabi/lib/armv7-m\libc.a(lib_a-locale.o)
 .data.__malloc_av_
                0x200005dc      0x408 c:/program files (x86)/gnu tools arm embedded/5.4 2016q2/bin/../lib/gcc/arm-none-eabi/5.4.1/../../../../arm-none-eabi/lib/armv7-m\libc.a(lib_a-mallocr.o)
                0x200005dc                __malloc_av_
 .data.__malloc_trim_threshold
                0x200009e4        0x4 c:/program files (x86)/gnu tools arm embedded/5.4 2016q2/bin/../lib/gcc/arm-none-eabi/5.4.1/../../../../arm-none-eabi/lib/armv7-m\libc.a(lib_a-mallocr.o)
                0x200009e4                __malloc_trim_threshold
 .data.__malloc_sbrk_base
                0x200009e8        0x4 c:/program files (x86)/gnu tools arm embedded/5.4 2016q2/bin/../lib/gcc/arm-none-eabi/5.4.1/../../../../arm-none-eabi/lib/armv7-m\libc.a(lib_a-mallocr.o)
                0x200009e8                __malloc_sbrk_base
                0x200009ec                . = ALIGN (0x4)
                0x200009ec                _edata = .

.jcr            0x200009ec        0x0 load address 0x080115e4
 .jcr           0x200009ec        0x0 c:/program files (x86)/gnu tools arm embedded/5.4 2016q2/bin/../lib/gcc/arm-none-eabi/5.4.1/armv7-m/crtbegin.o

.igot.plt       0x200009ec        0x0 load address 0x080115e4
 .igot.plt      0x200009ec        0x0 c:/program files (x86)/gnu tools arm embedded/5.4 2016q2/bin/../lib/gcc/arm-none-eabi/5.4.1/armv7-m/crtbegin.o
                0x200009ec                . = ALIGN (0x4)

.bss            0x200009f0     0x6ef0 load address 0x080115e8
                0x200009f0                _sbss = .
                0x200009f0                __bss_start__ = _sbss
 *(.bss)
 .bss           0x200009f0       0x1c c:/program files (x86)/gnu tools arm embedded/5.4 2016q2/bin/../lib/gcc/arm-none-eabi/5.4.1/armv7-m/crtbegin.o
 *(.bss*)
 *fill*         0x20000a0c        0x4 
 .bss.inst_idist
                0x20000a10        0x8 ..\obj\instance_common.o
                0x20000a10                inst_idist
 .bss.inst_idistraw
                0x20000a18        0x8 ..\obj\instance_common.o
                0x20000a18                inst_idistraw
 .bss.inst_adist
                0x20000a20        0x8 ..\obj\instance_common.o
                0x20000a20                inst_adist
 .bss.inst_ldist
                0x20000a28        0x8 ..\obj\instance_common.o
                0x20000a28                inst_ldist
 .bss.dw1000local
                0x20000a30       0x80 ..\obj\deca_device.o
 .bss.dr_mode   0x20000ab0        0x4 ..\obj\main.o
                0x20000ab0                dr_mode
 .bss.s1switch  0x20000ab4        0x1 ..\obj\main.o
                0x20000ab4                s1switch
 *fill*         0x20000ab5        0x3 
 .bss.ranging   0x20000ab8        0x4 ..\obj\main.o
                0x20000ab8                ranging
 .bss.application_mode
                0x20000abc        0x4 ..\obj\deca_usb.o
                0x20000abc                application_mode
 .bss.local_buff_length
                0x20000ac0        0x4 ..\obj\deca_usb.o
                0x20000ac0                local_buff_length
 .bss.local_buff_offset
                0x20000ac4        0x2 ..\obj\deca_usb.o
                0x20000ac4                local_buff_offset
 *fill*         0x20000ac6        0x2 
 .bss.tx_buff_length
                0x20000ac8        0x4 ..\obj\deca_usb.o
                0x20000ac8                tx_buff_length
 .bss.local_have_data
                0x20000acc        0x4 ..\obj\deca_usb.o
                0x20000acc                local_have_data
 .bss.i         0x20000ad0        0x4 ..\obj\deca_usb.o
 .bss.heap_end.9247
                0x20000ad4        0x4 ..\obj\syscalls.o
 .bss.USBD_ep_status
                0x20000ad8        0x4 ..\obj\usbd_req.o
                0x20000ad8                USBD_ep_status
 .bss.USBD_default_cfg
                0x20000adc        0x4 ..\obj\usbd_req.o
                0x20000adc                USBD_default_cfg
 .bss.USBD_cfg_status
                0x20000ae0        0x4 ..\obj\usbd_req.o
                0x20000ae0                USBD_cfg_status
 .bss.cfgidx.7747
                0x20000ae4        0x1 ..\obj\usbd_req.o
 *fill*         0x20000ae5        0x3 
 .bss.usbd_cdc_AltSet
                0x20000ae8        0x4 ..\obj\usbd_cdc_core.o
 .bss.APP_Rx_ptr_in
                0x20000aec        0x4 ..\obj\usbd_cdc_core.o
                0x20000aec                APP_Rx_ptr_in
 .bss.APP_Rx_ptr_out
                0x20000af0        0x4 ..\obj\usbd_cdc_core.o
                0x20000af0                APP_Rx_ptr_out
 .bss.APP_Rx_length
                0x20000af4        0x4 ..\obj\usbd_cdc_core.o
                0x20000af4                APP_Rx_length
 .bss.USB_Tx_State
                0x20000af8        0x1 ..\obj\usbd_cdc_core.o
                0x20000af8                USB_Tx_State
 *fill*         0x20000af9        0x3 
 .bss.cdcLen    0x20000afc        0x4 ..\obj\usbd_cdc_core.o
 .bss.FrameCount.7740
                0x20000b00        0x4 ..\obj\usbd_cdc_core.o
 .bss.__malloc_max_total_mem
                0x20000b04        0x4 c:/program files (x86)/gnu tools arm embedded/5.4 2016q2/bin/../lib/gcc/arm-none-eabi/5.4.1/../../../../arm-none-eabi/lib/armv7-m\libc.a(lib_a-mallocr.o)
                0x20000b04                __malloc_max_total_mem
 .bss.__malloc_max_sbrked_mem
                0x20000b08        0x4 c:/program files (x86)/gnu tools arm embedded/5.4 2016q2/bin/../lib/gcc/arm-none-eabi/5.4.1/../../../../arm-none-eabi/lib/armv7-m\libc.a(lib_a-mallocr.o)
                0x20000b08                __malloc_max_sbrked_mem
 .bss.__malloc_top_pad
                0x20000b0c        0x4 c:/program files (x86)/gnu tools arm embedded/5.4 2016q2/bin/../lib/gcc/arm-none-eabi/5.4.1/../../../../arm-none-eabi/lib/armv7-m\libc.a(lib_a-mallocr.o)
                0x20000b0c                __malloc_top_pad
 .bss.__malloc_current_mallinfo
                0x20000b10       0x28 c:/program files (x86)/gnu tools arm embedded/5.4 2016q2/bin/../lib/gcc/arm-none-eabi/5.4.1/../../../../arm-none-eabi/lib/armv7-m\libc.a(lib_a-mallocr.o)
                0x20000b10                __malloc_current_mallinfo
 *(COMMON)
 COMMON         0x20000b38      0x71c ..\obj\instance_common.o
                0x20000b38                dw_event_g
                0x20000bd0                instance_data
                0x20001250                instance_localdata
 COMMON         0x20001254        0x4 ..\obj\usbd_core.o
                0x20001254                SET_TEST_MODE
 COMMON         0x20001258       0xd4 ..\obj\main.o
                0x20001258                tagaddr
                0x2000125c                dataseq
                0x200012c0                dataseq1
                0x20001324                chan
                0x20001328                ancaddr
 COMMON         0x2000132c     0x5420 ..\obj\deca_usb.o
                0x2000132c                s1configswitch
                0x20001330                version
                0x20001334                version_size
                0x20001338                tx_buff
                0x20003a48                USB_OTG_dev
                0x2000403c                local_buff
 COMMON         0x2000674c        0x4 ..\obj\stm32f10x_it.o
                0x2000674c                time32_incr
 COMMON         0x20006750       0xff ..\obj\usbd_req.o
                0x20006750                USBD_StrDesc
 *fill*         0x2000684f        0x1 
 COMMON         0x20006850     0x108c ..\obj\usbd_cdc_core.o
                0x20006850                usbd_cdc_OtherCfgDesc
                0x20006894                USB_Rx_Buffer
                0x200068d4                CmdBuff
                0x200068dc                APP_Rx_Buffer
 COMMON         0x200078dc        0x4 c:/program files (x86)/gnu tools arm embedded/5.4 2016q2/bin/../lib/gcc/arm-none-eabi/5.4.1/../../../../arm-none-eabi/lib/armv7-m\libc.a(lib_a-reent.o)
                0x200078dc                errno
                0x200078e0                . = ALIGN (0x4)
                0x200078e0                _ebss = .
                0x200078e0                __bss_end__ = _ebss
                [!provide]                PROVIDE (end, _ebss)
                [!provide]                PROVIDE (_end, _ebss)

._user_heap_stack
                0x200078e0      0x800 load address 0x080184d8
                0x200078e0                . = ALIGN (0x4)
                0x200078e0                _user_heap_start = .
                0x20007ce0                . = (. + _Min_Heap_Size)
 *fill*         0x200078e0      0x400 
                0x20007ce0                _user_heap_end = .
                0x200080e0                . = (. + _Min_Stack_Size)
 *fill*         0x20007ce0      0x400 
                0x200080e0                . = ALIGN (0x4)
                [!provide]                PROVIDE (heap_start, _user_heap_start)
                [!provide]                PROVIDE (_heap_start, _user_heap_start)
                [!provide]                PROVIDE (heap_end, _user_heap_end)
                [!provide]                PROVIDE (_heap_end, _user_heap_end)

.memory_b1_text
 *(.mb1text)
 *(.mb1text*)
 *(.mb1rodata)
 *(.mb1rodata*)

/DISCARD/
 libc.a(*)
 libm.a(*)
 libgcc.a(*)

.ARM.attributes
                0x00000000       0x29
 *(.ARM.attributes)
 .ARM.attributes
                0x00000000       0x1d c:/program files (x86)/gnu tools arm embedded/5.4 2016q2/bin/../lib/gcc/arm-none-eabi/5.4.1/armv7-m/crti.o
 .ARM.attributes
                0x0000001d       0x2d c:/program files (x86)/gnu tools arm embedded/5.4 2016q2/bin/../lib/gcc/arm-none-eabi/5.4.1/armv7-m/crtbegin.o
 .ARM.attributes
                0x0000004a       0x33 ..\obj\stm32f10x_rtc.o
 .ARM.attributes
                0x0000007d       0x33 ..\obj\usb_core.o
 .ARM.attributes
                0x000000b0       0x33 ..\obj\instance_common.o
 .ARM.attributes
                0x000000e3       0x33 ..\obj\unistd.o
 .ARM.attributes
                0x00000116       0x33 ..\obj\core_cm3.o
 .ARM.attributes
                0x00000149       0x33 ..\obj\usbd_usr.o
 .ARM.attributes
                0x0000017c       0x33 ..\obj\deca_usb_bsp_evk1000.o
 .ARM.attributes
                0x000001af       0x33 ..\obj\instance_calib.o
 .ARM.attributes
                0x000001e2       0x33 ..\obj\system_stm32f10x.o
 .ARM.attributes
                0x00000215       0x33 ..\obj\deca_device.o
 .ARM.attributes
                0x00000248       0x33 ..\obj\deca_spi.o
 .ARM.attributes
                0x0000027b       0x33 ..\obj\stm32f10x_gpio.o
 .ARM.attributes
                0x000002ae       0x33 ..\obj\usbd_core.o
 .ARM.attributes
                0x000002e1       0x33 ..\obj\main.o
 .ARM.attributes
                0x00000314       0x33 ..\obj\stm32f10x_rcc.o
 .ARM.attributes
                0x00000347       0x21 ..\obj\startup_stm32f10x_cl.o
 .ARM.attributes
                0x00000368       0x33 ..\obj\instance.o
 .ARM.attributes
                0x0000039b       0x33 ..\obj\stm32f10x_exti.o
 .ARM.attributes
                0x000003ce       0x33 ..\obj\usbd_desc.o
 .ARM.attributes
                0x00000401       0x33 ..\obj\deca_mutex.o
 .ARM.attributes
                0x00000434       0x33 ..\obj\deca_usb.o
 .ARM.attributes
                0x00000467       0x33 ..\obj\syscalls.o
 .ARM.attributes
                0x0000049a       0x33 ..\obj\stm32f10x_flash.o
 .ARM.attributes
                0x000004cd       0x33 ..\obj\stm32f10x_it.o
 .ARM.attributes
                0x00000500       0x33 ..\obj\usbd_req.o
 .ARM.attributes
                0x00000533       0x33 ..\obj\port.o
 .ARM.attributes
                0x00000566       0x33 ..\obj\usb_dcd_int.o
 .ARM.attributes
                0x00000599       0x33 ..\obj\usbd_cdc_core.o
 .ARM.attributes
                0x000005cc       0x33 ..\obj\misc.o
 .ARM.attributes
                0x000005ff       0x33 ..\obj\usb_dcd.o
 .ARM.attributes
                0x00000632       0x33 ..\obj\stm32f10x_spi.o
 .ARM.attributes
                0x00000665       0x33 ..\obj\deca_params_init.o
 .ARM.attributes
                0x00000698       0x33 ..\obj\usbd_ioreq.o
 .ARM.attributes
                0x000006cb       0x33 ..\obj\deca_range_tables.o
 .ARM.attributes
                0x000006fe       0x1d c:/program files (x86)/gnu tools arm embedded/5.4 2016q2/bin/../lib/gcc/arm-none-eabi/5.4.1/armv7-m\libgcc.a(_arm_addsubdf3.o)
 .ARM.attributes
                0x0000071b       0x1d c:/program files (x86)/gnu tools arm embedded/5.4 2016q2/bin/../lib/gcc/arm-none-eabi/5.4.1/armv7-m\libgcc.a(_arm_muldivdf3.o)
 .ARM.attributes
                0x00000738       0x1d c:/program files (x86)/gnu tools arm embedded/5.4 2016q2/bin/../lib/gcc/arm-none-eabi/5.4.1/armv7-m\libgcc.a(_arm_cmpdf2.o)
 .ARM.attributes
                0x00000755       0x1d c:/program files (x86)/gnu tools arm embedded/5.4 2016q2/bin/../lib/gcc/arm-none-eabi/5.4.1/armv7-m\libgcc.a(_arm_fixdfsi.o)
 .ARM.attributes
                0x00000772       0x1d c:/program files (x86)/gnu tools arm embedded/5.4 2016q2/bin/../lib/gcc/arm-none-eabi/5.4.1/armv7-m\libgcc.a(_arm_fixunsdfsi.o)
 .ARM.attributes
                0x0000078f       0x1d c:/program files (x86)/gnu tools arm embedded/5.4 2016q2/bin/../lib/gcc/arm-none-eabi/5.4.1/armv7-m\libgcc.a(_arm_truncdfsf2.o)
 .ARM.attributes
                0x000007ac       0x1d c:/program files (x86)/gnu tools arm embedded/5.4 2016q2/bin/../lib/gcc/arm-none-eabi/5.4.1/armv7-m\libgcc.a(_arm_addsubsf3.o)
 .ARM.attributes
                0x000007c9       0x2d c:/program files (x86)/gnu tools arm embedded/5.4 2016q2/bin/../lib/gcc/arm-none-eabi/5.4.1/armv7-m\libgcc.a(_fixdfdi.o)
 .ARM.attributes
                0x000007f6       0x2d c:/program files (x86)/gnu tools arm embedded/5.4 2016q2/bin/../lib/gcc/arm-none-eabi/5.4.1/armv7-m\libgcc.a(_fixunsdfdi.o)
 .ARM.attributes
                0x00000823       0x2d c:/program files (x86)/gnu tools arm embedded/5.4 2016q2/bin/../lib/gcc/arm-none-eabi/5.4.1/../../../../arm-none-eabi/lib/armv7-m\libc.a(lib_a-clock.o)
 .ARM.attributes
                0x00000850       0x2d c:/program files (x86)/gnu tools arm embedded/5.4 2016q2/bin/../lib/gcc/arm-none-eabi/5.4.1/../../../../arm-none-eabi/lib/armv7-m\libc.a(lib_a-memcmp.o)
 .ARM.attributes
                0x0000087d       0x1b c:/program files (x86)/gnu tools arm embedded/5.4 2016q2/bin/../lib/gcc/arm-none-eabi/5.4.1/../../../../arm-none-eabi/lib/armv7-m\libc.a(lib_a-memcpy.o)
 .ARM.attributes
                0x00000898       0x2d c:/program files (x86)/gnu tools arm embedded/5.4 2016q2/bin/../lib/gcc/arm-none-eabi/5.4.1/../../../../arm-none-eabi/lib/armv7-m\libc.a(lib_a-reent.o)
 .ARM.attributes
                0x000008c5       0x2d c:/program files (x86)/gnu tools arm embedded/5.4 2016q2/bin/../lib/gcc/arm-none-eabi/5.4.1/../../../../arm-none-eabi/lib/armv7-m\libc.a(lib_a-sprintf.o)
 .ARM.attributes
                0x000008f2       0x2d c:/program files (x86)/gnu tools arm embedded/5.4 2016q2/bin/../lib/gcc/arm-none-eabi/5.4.1/../../../../arm-none-eabi/lib/armv7-m\libc.a(lib_a-strlen-stub.o)
 .ARM.attributes
                0x0000091f       0x2d c:/program files (x86)/gnu tools arm embedded/5.4 2016q2/bin/../lib/gcc/arm-none-eabi/5.4.1/../../../../arm-none-eabi/lib/armv7-m\libc.a(lib_a-svfprintf.o)
 .ARM.attributes
                0x0000094c       0x2d c:/program files (x86)/gnu tools arm embedded/5.4 2016q2/bin/../lib/gcc/arm-none-eabi/5.4.1/../../../../arm-none-eabi/lib/armv7-m\libc.a(lib_a-dtoa.o)
 .ARM.attributes
                0x00000979       0x2d c:/program files (x86)/gnu tools arm embedded/5.4 2016q2/bin/../lib/gcc/arm-none-eabi/5.4.1/../../../../arm-none-eabi/lib/armv7-m\libc.a(lib_a-freer.o)
 .ARM.attributes
                0x000009a6       0x2d c:/program files (x86)/gnu tools arm embedded/5.4 2016q2/bin/../lib/gcc/arm-none-eabi/5.4.1/../../../../arm-none-eabi/lib/armv7-m\libc.a(lib_a-locale.o)
 .ARM.attributes
                0x000009d3       0x2d c:/program files (x86)/gnu tools arm embedded/5.4 2016q2/bin/../lib/gcc/arm-none-eabi/5.4.1/../../../../arm-none-eabi/lib/armv7-m\libc.a(lib_a-mallocr.o)
 .ARM.attributes
                0x00000a00       0x2d c:/program files (x86)/gnu tools arm embedded/5.4 2016q2/bin/../lib/gcc/arm-none-eabi/5.4.1/../../../../arm-none-eabi/lib/armv7-m\libc.a(lib_a-memchr-stub.o)
 .ARM.attributes
                0x00000a2d       0x2d c:/program files (x86)/gnu tools arm embedded/5.4 2016q2/bin/../lib/gcc/arm-none-eabi/5.4.1/../../../../arm-none-eabi/lib/armv7-m\libc.a(lib_a-memmove.o)
 .ARM.attributes
                0x00000a5a       0x2d c:/program files (x86)/gnu tools arm embedded/5.4 2016q2/bin/../lib/gcc/arm-none-eabi/5.4.1/../../../../arm-none-eabi/lib/armv7-m\libc.a(lib_a-mlock.o)
 .ARM.attributes
                0x00000a87       0x2d c:/program files (x86)/gnu tools arm embedded/5.4 2016q2/bin/../lib/gcc/arm-none-eabi/5.4.1/../../../../arm-none-eabi/lib/armv7-m\libc.a(lib_a-mprec.o)
 .ARM.attributes
                0x00000ab4       0x2d c:/program files (x86)/gnu tools arm embedded/5.4 2016q2/bin/../lib/gcc/arm-none-eabi/5.4.1/../../../../arm-none-eabi/lib/armv7-m\libc.a(lib_a-reallocr.o)
 .ARM.attributes
                0x00000ae1       0x2d c:/program files (x86)/gnu tools arm embedded/5.4 2016q2/bin/../lib/gcc/arm-none-eabi/5.4.1/../../../../arm-none-eabi/lib/armv7-m\libc.a(lib_a-sbrkr.o)
 .ARM.attributes
                0x00000b0e       0x2d c:/program files (x86)/gnu tools arm embedded/5.4 2016q2/bin/../lib/gcc/arm-none-eabi/5.4.1/../../../../arm-none-eabi/lib/armv7-m\libc.a(lib_a-svfiprintf.o)
 .ARM.attributes
                0x00000b3b       0x2d c:/program files (x86)/gnu tools arm embedded/5.4 2016q2/bin/../lib/gcc/arm-none-eabi/5.4.1/../../../../arm-none-eabi/lib/armv7-m\libc.a(lib_a-callocr.o)
 .ARM.attributes
                0x00000b68       0x1d c:/program files (x86)/gnu tools arm embedded/5.4 2016q2/bin/../lib/gcc/arm-none-eabi/5.4.1/armv7-m\libgcc.a(_arm_unorddf2.o)
 .ARM.attributes
                0x00000b85       0x1d c:/program files (x86)/gnu tools arm embedded/5.4 2016q2/bin/../lib/gcc/arm-none-eabi/5.4.1/armv7-m\libgcc.a(_aeabi_uldivmod.o)
 .ARM.attributes